
Optional file libmchp_peripheral.a not found

Optional file libmchp_peripheral_32MX170F256B.a not found
Archive member included because of file (symbol)

/Applications/microchip/xc32/v1.44/bin/bin/../../lib/gcc/pic32mx/4.8.3/../../../../pic32mx/lib/libpic32.a(default-bootstrap-exception-handler.o)
                              /Applications/microchip/xc32/v1.44/bin/bin/../../lib/gcc/pic32mx/4.8.3/../../../../pic32mx/lib/./proc/32MX170F256B/crt0_mips32r2.o (_bootstrap_exception_handler)
/Applications/microchip/xc32/v1.44/bin/bin/../../lib/gcc/pic32mx/4.8.3/../../../../pic32mx/lib/libpic32.a(default-on-reset.o)
                              /Applications/microchip/xc32/v1.44/bin/bin/../../lib/gcc/pic32mx/4.8.3/../../../../pic32mx/lib/./proc/32MX170F256B/crt0_mips32r2.o (_on_reset)
/Applications/microchip/xc32/v1.44/bin/bin/../../lib/gcc/pic32mx/4.8.3/../../../../pic32mx/lib/libpic32.a(default-on-bootstrap.o)
                              /Applications/microchip/xc32/v1.44/bin/bin/../../lib/gcc/pic32mx/4.8.3/../../../../pic32mx/lib/./proc/32MX170F256B/crt0_mips32r2.o (_on_bootstrap)
/Applications/microchip/xc32/v1.44/bin/bin/../../lib/gcc/pic32mx/4.8.3/../../../../pic32mx/lib/libpic32.a(default-nmi-handler.o)
                              /Applications/microchip/xc32/v1.44/bin/bin/../../lib/gcc/pic32mx/4.8.3/../../../../pic32mx/lib/./proc/32MX170F256B/crt0_mips32r2.o (_nmi_handler)
/Applications/microchip/xc32/v1.44/bin/bin/../../lib/gcc/pic32mx/4.8.3/../../../../pic32mx/lib/libpic32.a(general-exception.o)
                              /Applications/microchip/xc32/v1.44/bin/bin/../../lib/gcc/pic32mx/4.8.3/../../../../pic32mx/lib/./proc/32MX170F256B/crt0_mips32r2.o (_general_exception_context)
/Applications/microchip/xc32/v1.44/bin/bin/../../lib/gcc/pic32mx/4.8.3/../../../../pic32mx/lib/libpic32.a(vector0.o)
                              /Applications/microchip/xc32/v1.44/bin/bin/../../lib/gcc/pic32mx/4.8.3/../../../../pic32mx/lib/./proc/32MX170F256B/default_isr_vectors.o (__vector_dispatch_0)
/Applications/microchip/xc32/v1.44/bin/bin/../../lib/gcc/pic32mx/4.8.3/../../../../pic32mx/lib/libpic32.a(vector1.o)
                              /Applications/microchip/xc32/v1.44/bin/bin/../../lib/gcc/pic32mx/4.8.3/../../../../pic32mx/lib/./proc/32MX170F256B/default_isr_vectors.o (__vector_dispatch_1)
/Applications/microchip/xc32/v1.44/bin/bin/../../lib/gcc/pic32mx/4.8.3/../../../../pic32mx/lib/libpic32.a(vector2.o)
                              /Applications/microchip/xc32/v1.44/bin/bin/../../lib/gcc/pic32mx/4.8.3/../../../../pic32mx/lib/./proc/32MX170F256B/default_isr_vectors.o (__vector_dispatch_2)
/Applications/microchip/xc32/v1.44/bin/bin/../../lib/gcc/pic32mx/4.8.3/../../../../pic32mx/lib/libpic32.a(vector3.o)
                              /Applications/microchip/xc32/v1.44/bin/bin/../../lib/gcc/pic32mx/4.8.3/../../../../pic32mx/lib/./proc/32MX170F256B/default_isr_vectors.o (__vector_dispatch_3)
/Applications/microchip/xc32/v1.44/bin/bin/../../lib/gcc/pic32mx/4.8.3/../../../../pic32mx/lib/libpic32.a(vector4.o)
                              /Applications/microchip/xc32/v1.44/bin/bin/../../lib/gcc/pic32mx/4.8.3/../../../../pic32mx/lib/./proc/32MX170F256B/default_isr_vectors.o (__vector_dispatch_4)
/Applications/microchip/xc32/v1.44/bin/bin/../../lib/gcc/pic32mx/4.8.3/../../../../pic32mx/lib/libpic32.a(vector5.o)
                              /Applications/microchip/xc32/v1.44/bin/bin/../../lib/gcc/pic32mx/4.8.3/../../../../pic32mx/lib/./proc/32MX170F256B/default_isr_vectors.o (__vector_dispatch_5)
/Applications/microchip/xc32/v1.44/bin/bin/../../lib/gcc/pic32mx/4.8.3/../../../../pic32mx/lib/libpic32.a(vector6.o)
                              /Applications/microchip/xc32/v1.44/bin/bin/../../lib/gcc/pic32mx/4.8.3/../../../../pic32mx/lib/./proc/32MX170F256B/default_isr_vectors.o (__vector_dispatch_6)
/Applications/microchip/xc32/v1.44/bin/bin/../../lib/gcc/pic32mx/4.8.3/../../../../pic32mx/lib/libpic32.a(vector7.o)
                              /Applications/microchip/xc32/v1.44/bin/bin/../../lib/gcc/pic32mx/4.8.3/../../../../pic32mx/lib/./proc/32MX170F256B/default_isr_vectors.o (__vector_dispatch_7)
/Applications/microchip/xc32/v1.44/bin/bin/../../lib/gcc/pic32mx/4.8.3/../../../../pic32mx/lib/libpic32.a(vector8.o)
                              /Applications/microchip/xc32/v1.44/bin/bin/../../lib/gcc/pic32mx/4.8.3/../../../../pic32mx/lib/./proc/32MX170F256B/default_isr_vectors.o (__vector_dispatch_8)
/Applications/microchip/xc32/v1.44/bin/bin/../../lib/gcc/pic32mx/4.8.3/../../../../pic32mx/lib/libpic32.a(vector9.o)
                              /Applications/microchip/xc32/v1.44/bin/bin/../../lib/gcc/pic32mx/4.8.3/../../../../pic32mx/lib/./proc/32MX170F256B/default_isr_vectors.o (__vector_dispatch_9)
/Applications/microchip/xc32/v1.44/bin/bin/../../lib/gcc/pic32mx/4.8.3/../../../../pic32mx/lib/libpic32.a(vector10.o)
[...]
Memory Configuration

Name             Origin             Length             Attributes
kseg0_data_mem   0x80000000         0x00000200
kseg1_data_mem   0xa0000000         0x00010000         w !x
kseg0_boot_mem   0x9fc00490         0x00000000
kseg1_boot_mem   0xbfc00000         0x00000490
kseg0_program_mem 0x9d000000         0x0003f000         xr
exception_mem    0x9d03f000         0x00001000
debug_exec_mem   0x9fc00490         0x00000760
config3          0xbfc00bf0         0x00000004
config2          0xbfc00bf4         0x00000004
config1          0xbfc00bf8         0x00000004
config0          0xbfc00bfc         0x00000004
sfrs             0xbf800000         0x00100000
configsfrs       0xbfc00bf0         0x00000010
*default*        0x00000000         0xffffffff

Linker script and memory map


reserve_data_0_kseg0
                0x80000000      0x200
                0x80000000        0x2 SHORT 0x0
                0x000001fd                . = 0x1fd
 *fill*         0x80000002      0x1fb 
                0x80000200                . = ALIGN (0x4)
 *fill*         0x800001fd        0x3 

reserve_data_0_kseg1
                0xa0000000      0x200
                0xa0000000        0x2 SHORT 0x0
                0x000001fd                . = 0x1fd
 *fill*         0xa0000002      0x1fb 
                0xa0000200                . = ALIGN (0x4)
 *fill*         0xa00001fd        0x3 

reserve_boot_0x1fc00490_kseg0
                0x9fc00490      0x760
                0x9fc00490        0x2 SHORT 0x0
                0x00000760                . = 0x760
 *fill*         0x9fc00492      0x75e 
                0x9fc00bf0                . = ALIGN (0x4)

reserve_boot_0x1fc00490_kseg1
                0xbfc00490      0x760
                0xbfc00490        0x2 SHORT 0x0
                0x00000760                . = 0x760
 *fill*         0xbfc00492      0x75e 
                0xbfc00bf0                . = ALIGN (0x4)
LOAD /Applications/microchip/xc32/v1.44/bin/bin/../../lib/gcc/pic32mx/4.8.3/../../../../pic32mx/lib/./proc/32MX170F256B/crt0_mips32r2.o
LOAD /Applications/microchip/xc32/v1.44/bin/bin/../../lib/gcc/pic32mx/4.8.3/../../../../pic32mx/lib/software-debug-break.o
LOAD build/default/debug/main.o
LOAD build/default/debug/pragma.o
LOAD build/default/debug/screen.o
LOAD build/default/debug/fonts.o
LOAD build/default/debug/pictures.o
LOAD build/default/debug/delay.o
LOAD build/default/debug/power.o
LOAD build/default/debug/sleep.o
LOAD build/default/debug/strings.o
LOAD build/default/debug/menu_time.o
LOAD build/default/debug/timers.o
LOAD build/default/debug/alarm.o
LOAD build/default/debug/init.o
LOAD build/default/debug/menu_about.o
LOAD build/default/debug/menu_buzzer.o
LOAD build/default/debug/menu_game.o
LOAD build/default/debug/menu_lang.o
LOAD build/default/debug/menu_rotation.o
LOAD build/default/debug/time_clock.o
LOAD build/default/debug/time_countdown.o
LOAD build/default/debug/time_stop.o
LOAD build/default/debug/lcd_spi.o
LOAD build/default/debug/menu_lum_pwm.o
LOAD build/default/debug/button.o
LOAD build/default/debug/mode_game.o
LOAD build/default/debug/mode_gyro_i2c.o
LOAD build/default/debug/mode_menu.o
LOAD build/default/debug/mode_temp.o
LOAD build/default/debug/mode_test.o
LOAD build/default/debug/mode_time_rtcc.o
LOAD build/default/debug/menu_alarm.o
LOAD build/default/debug/menu_invert.o
LOAD build/default/debug/ind_adc.o
                0x00000001                __MPLAB_BUILD = 0x1
                0x00000001                __MPLAB_DEBUG = 0x1
                0x00000001                __DEBUG = 0x1
                0x00000001                __MPLAB_DEBUGGER_ICD3 = 0x1
LOAD /Applications/microchip/xc32/v1.44/bin/bin/../../lib/gcc/pic32mx/4.8.3/../../../../pic32mx/lib/./proc/32MX170F256B/default_isr_vectors.o
LOAD /Applications/microchip/xc32/v1.44/bin/bin/../../lib/gcc/pic32mx/4.8.3/../../../../pic32mx/lib/pic32_software_reset.o
                0x00000400                PROVIDE (_min_stack_size, 0x400)
LOAD /Applications/microchip/xc32/v1.44/bin/bin/../../lib/gcc/pic32mx/4.8.3/../../../../pic32mx/lib/./proc/32MX170F256B/processor.o
START GROUP
LOAD libmchp_peripheral.a
END GROUP
START GROUP
LOAD libmchp_peripheral_32MX170F256B.a
END GROUP
                0x00000001                PROVIDE (_vector_spacing, 0x1)
                0x9d03f000                PROVIDE (_ebase_address, 0x9d03f000)
                0xbfc00000                _RESET_ADDR = 0xbfc00000
                0xbfc00380                _BEV_EXCPT_ADDR = 0xbfc00380
                0xbfc00480                _DBG_EXCPT_ADDR = 0xbfc00480
                0x9fc00490                _DBG_CODE_ADDR = 0x9fc00490
                0x00000760                _DBG_CODE_SIZE = 0x760
                0x9d03f180                _GEN_EXCPT_ADDR = (_ebase_address + 0x180)

.config_BFC00BF0
                0xbfc00bf0        0x4
 *(.config_BFC00BF0)
 .config_BFC00BF0
                0xbfc00bf0        0x4 build/default/debug/pragma.o

.config_BFC00BF4
                0xbfc00bf4        0x4
 *(.config_BFC00BF4)
 .config_BFC00BF4
                0xbfc00bf4        0x4 build/default/debug/pragma.o

.config_BFC00BF8
                0xbfc00bf8        0x4
 *(.config_BFC00BF8)
 .config_BFC00BF8
                0xbfc00bf8        0x4 build/default/debug/pragma.o

.config_BFC00BFC
                0xbfc00bfc        0x4
 *(.config_BFC00BFC)
 .config_BFC00BFC
                0xbfc00bfc        0x4 build/default/debug/pragma.o
                0xbfc02000                PROVIDE (_DBG_CODE_ADDR, 0xbfc02000)
                0x00000ff0                PROVIDE (_DBG_CODE_SIZE, 0xff0)

.reset          0xbfc00000      0x1e4
 *(.reset)
 .reset         0xbfc00000        0x8 /Applications/microchip/xc32/v1.44/bin/bin/../../lib/gcc/pic32mx/4.8.3/../../../../pic32mx/lib/./proc/32MX170F256B/crt0_mips32r2.o
                0xbfc00000                _reset
 *(.reset.startup)
 .reset.startup
                0xbfc00008      0x1dc /Applications/microchip/xc32/v1.44/bin/bin/../../lib/gcc/pic32mx/4.8.3/../../../../pic32mx/lib/./proc/32MX170F256B/crt0_mips32r2.o
                0xbfc00008                _startup

.bev_excpt      0xbfc00380       0x10
 *(.bev_handler)
 .bev_handler   0xbfc00380       0x10 /Applications/microchip/xc32/v1.44/bin/bin/../../lib/gcc/pic32mx/4.8.3/../../../../pic32mx/lib/./proc/32MX170F256B/crt0_mips32r2.o

.dbg_excpt      0xbfc00480        0x0
                0xbfc00480                . = (. + DEFINED (_DEBUGGER)?0x8:0x0)

.dbg_code       0x9fc00490        0x0
                0x9fc00490                . = (. + DEFINED (_DEBUGGER)?_DBG_CODE_SIZE:0x0)

.app_excpt      0x9d03f180       0x10
 *(.gen_handler)
 .gen_handler   0x9d03f180       0x10 /Applications/microchip/xc32/v1.44/bin/bin/../../lib/gcc/pic32mx/4.8.3/../../../../pic32mx/lib/./proc/32MX170F256B/crt0_mips32r2.o

.vector_0       0x9d03f200        0x8
 *(.vector_0)
 .vector_0      0x9d03f200        0x8 /Applications/microchip/xc32/v1.44/bin/bin/../../lib/gcc/pic32mx/4.8.3/../../../../pic32mx/lib/libpic32.a(vector0.o)
                0x9d03f200                __vector_dispatch_0
                0x00000001                ASSERT (((_vector_spacing == 0x0) || (SIZEOF (.vector_0) <= (_vector_spacing << 0x5))), function at exception vector 0 too large)

.vector_1       0x9d03f220        0x8
 *(.vector_1)
 .vector_1      0x9d03f220        0x8 /Applications/microchip/xc32/v1.44/bin/bin/../../lib/gcc/pic32mx/4.8.3/../../../../pic32mx/lib/libpic32.a(vector1.o)
                0x9d03f220                __vector_dispatch_1
                0x00000001                ASSERT (((_vector_spacing == 0x0) || (SIZEOF (.vector_1) <= (_vector_spacing << 0x5))), function at exception vector 1 too large)

.vector_2       0x9d03f240        0x8
 *(.vector_2)
 .vector_2      0x9d03f240        0x8 /Applications/microchip/xc32/v1.44/bin/bin/../../lib/gcc/pic32mx/4.8.3/../../../../pic32mx/lib/libpic32.a(vector2.o)
                0x9d03f240                __vector_dispatch_2
                0x00000001                ASSERT (((_vector_spacing == 0x0) || (SIZEOF (.vector_2) <= (_vector_spacing << 0x5))), function at exception vector 2 too large)

.vector_3       0x9d03f260        0x8
 *(.vector_3)
 .vector_3      0x9d03f260        0x8 /Applications/microchip/xc32/v1.44/bin/bin/../../lib/gcc/pic32mx/4.8.3/../../../../pic32mx/lib/libpic32.a(vector3.o)
                0x9d03f260                __vector_dispatch_3
                0x00000001                ASSERT (((_vector_spacing == 0x0) || (SIZEOF (.vector_3) <= (_vector_spacing << 0x5))), function at exception vector 3 too large)

.vector_4       0x9d03f280        0x8
 *(.vector_4)
 .vector_4      0x9d03f280        0x8 /Applications/microchip/xc32/v1.44/bin/bin/../../lib/gcc/pic32mx/4.8.3/../../../../pic32mx/lib/libpic32.a(vector4.o)
                0x9d03f280                __vector_dispatch_4
                0x00000001                ASSERT (((_vector_spacing == 0x0) || (SIZEOF (.vector_4) <= (_vector_spacing << 0x5))), function at exception vector 4 too large)

.vector_5       0x9d03f2a0        0x8
 *(.vector_5)
 .vector_5      0x9d03f2a0        0x8 /Applications/microchip/xc32/v1.44/bin/bin/../../lib/gcc/pic32mx/4.8.3/../../../../pic32mx/lib/libpic32.a(vector5.o)
                0x9d03f2a0                __vector_dispatch_5
                0x00000001                ASSERT (((_vector_spacing == 0x0) || (SIZEOF (.vector_5) <= (_vector_spacing << 0x5))), function at exception vector 5 too large)

.vector_6       0x9d03f2c0        0x8
 *(.vector_6)
 .vector_6      0x9d03f2c0        0x8 /Applications/microchip/xc32/v1.44/bin/bin/../../lib/gcc/pic32mx/4.8.3/../../../../pic32mx/lib/libpic32.a(vector6.o)
                0x9d03f2c0                __vector_dispatch_6
                0x00000001                ASSERT (((_vector_spacing == 0x0) || (SIZEOF (.vector_6) <= (_vector_spacing << 0x5))), function at exception vector 6 too large)

.vector_7       0x9d03f2e0        0x8
 *(.vector_7)
 .vector_7      0x9d03f2e0        0x8 /Applications/microchip/xc32/v1.44/bin/bin/../../lib/gcc/pic32mx/4.8.3/../../../../pic32mx/lib/libpic32.a(vector7.o)
                0x9d03f2e0                __vector_dispatch_7
                0x00000001                ASSERT (((_vector_spacing == 0x0) || (SIZEOF (.vector_7) <= (_vector_spacing << 0x5))), function at exception vector 7 too large)

.vector_8       0x9d03f300        0x8
 *(.vector_8)
 .vector_8      0x9d03f300        0x8 /Applications/microchip/xc32/v1.44/bin/bin/../../lib/gcc/pic32mx/4.8.3/../../../../pic32mx/lib/libpic32.a(vector8.o)
                0x9d03f300                __vector_dispatch_8
                0x00000001                ASSERT (((_vector_spacing == 0x0) || (SIZEOF (.vector_8) <= (_vector_spacing << 0x5))), function at exception vector 8 too large)

.vector_9       0x9d03f320        0x8
 *(.vector_9)
 .vector_9      0x9d03f320        0x8 /Applications/microchip/xc32/v1.44/bin/bin/../../lib/gcc/pic32mx/4.8.3/../../../../pic32mx/lib/libpic32.a(vector9.o)
                0x9d03f320                __vector_dispatch_9
                0x00000001                ASSERT (((_vector_spacing == 0x0) || (SIZEOF (.vector_9) <= (_vector_spacing << 0x5))), function at exception vector 9 too large)

.vector_10      0x9d03f340        0x8
 *(.vector_10)
 .vector_10     0x9d03f340        0x8 /Applications/microchip/xc32/v1.44/bin/bin/../../lib/gcc/pic32mx/4.8.3/../../../../pic32mx/lib/libpic32.a(vector10.o)
                0x9d03f340                __vector_dispatch_10
                0x00000001                ASSERT (((_vector_spacing == 0x0) || (SIZEOF (.vector_10) <= (_vector_spacing << 0x5))), function at exception vector 10 too large)

.vector_11      0x9d03f360        0x8
 *(.vector_11)
 .vector_11     0x9d03f360        0x8 /Applications/microchip/xc32/v1.44/bin/bin/../../lib/gcc/pic32mx/4.8.3/../../../../pic32mx/lib/libpic32.a(vector11.o)
                0x9d03f360                __vector_dispatch_11
                0x00000001                ASSERT (((_vector_spacing == 0x0) || (SIZEOF (.vector_11) <= (_vector_spacing << 0x5))), function at exception vector 11 too large)

.vector_12      0x9d03f380        0x8
 *(.vector_12)
 .vector_12     0x9d03f380        0x8 /Applications/microchip/xc32/v1.44/bin/bin/../../lib/gcc/pic32mx/4.8.3/../../../../pic32mx/lib/libpic32.a(vector12.o)
                0x9d03f380                __vector_dispatch_12
                0x00000001                ASSERT (((_vector_spacing == 0x0) || (SIZEOF (.vector_12) <= (_vector_spacing << 0x5))), function at exception vector 12 too large)

.vector_13      0x9d03f3a0        0x8
 *(.vector_13)
 .vector_13     0x9d03f3a0        0x8 /Applications/microchip/xc32/v1.44/bin/bin/../../lib/gcc/pic32mx/4.8.3/../../../../pic32mx/lib/libpic32.a(vector13.o)
                0x9d03f3a0                __vector_dispatch_13
                0x00000001                ASSERT (((_vector_spacing == 0x0) || (SIZEOF (.vector_13) <= (_vector_spacing << 0x5))), function at exception vector 13 too large)

.vector_14      0x9d03f3c0        0x8
 *(.vector_14)
 .vector_14     0x9d03f3c0        0x8 /Applications/microchip/xc32/v1.44/bin/bin/../../lib/gcc/pic32mx/4.8.3/../../../../pic32mx/lib/libpic32.a(vector14.o)
                0x9d03f3c0                __vector_dispatch_14
                0x00000001                ASSERT (((_vector_spacing == 0x0) || (SIZEOF (.vector_14) <= (_vector_spacing << 0x5))), function at exception vector 14 too large)

.vector_15      0x9d03f3e0        0x8
 *(.vector_15)
 .vector_15     0x9d03f3e0        0x8 /Applications/microchip/xc32/v1.44/bin/bin/../../lib/gcc/pic32mx/4.8.3/../../../../pic32mx/lib/libpic32.a(vector15.o)
                0x9d03f3e0                __vector_dispatch_15
                0x00000001                ASSERT (((_vector_spacing == 0x0) || (SIZEOF (.vector_15) <= (_vector_spacing << 0x5))), function at exception vector 15 too large)

.vector_16      0x9d03f400        0x8
 *(.vector_16)
 .vector_16     0x9d03f400        0x8 /Applications/microchip/xc32/v1.44/bin/bin/../../lib/gcc/pic32mx/4.8.3/../../../../pic32mx/lib/libpic32.a(vector16.o)
                0x9d03f400                __vector_dispatch_16
                0x00000001                ASSERT (((_vector_spacing == 0x0) || (SIZEOF (.vector_16) <= (_vector_spacing << 0x5))), function at exception vector 16 too large)

.vector_17      0x9d03f420        0x8
 *(.vector_17)
 .vector_17     0x9d03f420        0x8 /Applications/microchip/xc32/v1.44/bin/bin/../../lib/gcc/pic32mx/4.8.3/../../../../pic32mx/lib/libpic32.a(vector17.o)
                0x9d03f420                __vector_dispatch_17
                0x00000001                ASSERT (((_vector_spacing == 0x0) || (SIZEOF (.vector_17) <= (_vector_spacing << 0x5))), function at exception vector 17 too large)

.vector_18      0x9d03f440        0x8
 *(.vector_18)
 .vector_18     0x9d03f440        0x8 /Applications/microchip/xc32/v1.44/bin/bin/../../lib/gcc/pic32mx/4.8.3/../../../../pic32mx/lib/libpic32.a(vector18.o)
                0x9d03f440                __vector_dispatch_18
                0x00000001                ASSERT (((_vector_spacing == 0x0) || (SIZEOF (.vector_18) <= (_vector_spacing << 0x5))), function at exception vector 18 too large)

.vector_19      0x9d03f460        0x8
 *(.vector_19)
 .vector_19     0x9d03f460        0x8 /Applications/microchip/xc32/v1.44/bin/bin/../../lib/gcc/pic32mx/4.8.3/../../../../pic32mx/lib/libpic32.a(vector19.o)
                0x9d03f460                __vector_dispatch_19
                0x00000001                ASSERT (((_vector_spacing == 0x0) || (SIZEOF (.vector_19) <= (_vector_spacing << 0x5))), function at exception vector 19 too large)

.vector_20      0x9d03f480        0x8
 *(.vector_20)
 .vector_20     0x9d03f480        0x8 /Applications/microchip/xc32/v1.44/bin/bin/../../lib/gcc/pic32mx/4.8.3/../../../../pic32mx/lib/libpic32.a(vector20.o)
                0x9d03f480                __vector_dispatch_20
                0x00000001                ASSERT (((_vector_spacing == 0x0) || (SIZEOF (.vector_20) <= (_vector_spacing << 0x5))), function at exception vector 20 too large)

.vector_21      0x9d03f4a0        0x8
 *(.vector_21)
 .vector_21     0x9d03f4a0        0x8 /Applications/microchip/xc32/v1.44/bin/bin/../../lib/gcc/pic32mx/4.8.3/../../../../pic32mx/lib/libpic32.a(vector21.o)
                0x9d03f4a0                __vector_dispatch_21
                0x00000001                ASSERT (((_vector_spacing == 0x0) || (SIZEOF (.vector_21) <= (_vector_spacing << 0x5))), function at exception vector 21 too large)

.vector_22      0x9d03f4c0        0x8
 *(.vector_22)
 .vector_22     0x9d03f4c0        0x8 /Applications/microchip/xc32/v1.44/bin/bin/../../lib/gcc/pic32mx/4.8.3/../../../../pic32mx/lib/libpic32.a(vector22.o)
                0x9d03f4c0                __vector_dispatch_22
                0x00000001                ASSERT (((_vector_spacing == 0x0) || (SIZEOF (.vector_22) <= (_vector_spacing << 0x5))), function at exception vector 22 too large)

.vector_23      0x9d03f4e0        0x8
 *(.vector_23)
 .vector_23     0x9d03f4e0        0x8 /Applications/microchip/xc32/v1.44/bin/bin/../../lib/gcc/pic32mx/4.8.3/../../../../pic32mx/lib/libpic32.a(vector23.o)
                0x9d03f4e0                __vector_dispatch_23
                0x00000001                ASSERT (((_vector_spacing == 0x0) || (SIZEOF (.vector_23) <= (_vector_spacing << 0x5))), function at exception vector 23 too large)

.vector_24      0x9d03f500        0x8
 *(.vector_24)
 .vector_24     0x9d03f500        0x8 /Applications/microchip/xc32/v1.44/bin/bin/../../lib/gcc/pic32mx/4.8.3/../../../../pic32mx/lib/libpic32.a(vector24.o)
                0x9d03f500                __vector_dispatch_24
                0x00000001                ASSERT (((_vector_spacing == 0x0) || (SIZEOF (.vector_24) <= (_vector_spacing << 0x5))), function at exception vector 24 too large)

.vector_25      0x9d03f520        0x8
 *(.vector_25)
 .vector_25     0x9d03f520        0x8 /Applications/microchip/xc32/v1.44/bin/bin/../../lib/gcc/pic32mx/4.8.3/../../../../pic32mx/lib/libpic32.a(vector25.o)
                0x9d03f520                __vector_dispatch_25
                0x00000001                ASSERT (((_vector_spacing == 0x0) || (SIZEOF (.vector_25) <= (_vector_spacing << 0x5))), function at exception vector 25 too large)

.vector_26      0x9d03f540        0x8
 *(.vector_26)
 .vector_26     0x9d03f540        0x8 /Applications/microchip/xc32/v1.44/bin/bin/../../lib/gcc/pic32mx/4.8.3/../../../../pic32mx/lib/libpic32.a(vector26.o)
                0x9d03f540                __vector_dispatch_26
                0x00000001                ASSERT (((_vector_spacing == 0x0) || (SIZEOF (.vector_26) <= (_vector_spacing << 0x5))), function at exception vector 26 too large)

.vector_27      0x9d03f560        0x8
 *(.vector_27)
 .vector_27     0x9d03f560        0x8 /Applications/microchip/xc32/v1.44/bin/bin/../../lib/gcc/pic32mx/4.8.3/../../../../pic32mx/lib/libpic32.a(vector27.o)
                0x9d03f560                __vector_dispatch_27
                0x00000001                ASSERT (((_vector_spacing == 0x0) || (SIZEOF (.vector_27) <= (_vector_spacing << 0x5))), function at exception vector 27 too large)

.vector_28      0x9d03f580        0x8
 *(.vector_28)
 .vector_28     0x9d03f580        0x8 /Applications/microchip/xc32/v1.44/bin/bin/../../lib/gcc/pic32mx/4.8.3/../../../../pic32mx/lib/libpic32.a(vector28.o)
                0x9d03f580                __vector_dispatch_28
                0x00000001                ASSERT (((_vector_spacing == 0x0) || (SIZEOF (.vector_28) <= (_vector_spacing << 0x5))), function at exception vector 28 too large)

.vector_29      0x9d03f5a0        0x8
 *(.vector_29)
 .vector_29     0x9d03f5a0        0x8 build/default/debug/main.o
                0x9d03f5a0                __vector_dispatch_29
                0x00000001                ASSERT (((_vector_spacing == 0x0) || (SIZEOF (.vector_29) <= (_vector_spacing << 0x5))), function at exception vector 29 too large)

.vector_30      0x9d03f5c0        0x8
 *(.vector_30)
 .vector_30     0x9d03f5c0        0x8 /Applications/microchip/xc32/v1.44/bin/bin/../../lib/gcc/pic32mx/4.8.3/../../../../pic32mx/lib/libpic32.a(vector30.o)
                0x9d03f5c0                __vector_dispatch_30
                0x00000001                ASSERT (((_vector_spacing == 0x0) || (SIZEOF (.vector_30) <= (_vector_spacing << 0x5))), function at exception vector 30 too large)

.vector_31      0x9d03f5e0        0x8
 *(.vector_31)
 .vector_31     0x9d03f5e0        0x8 /Applications/microchip/xc32/v1.44/bin/bin/../../lib/gcc/pic32mx/4.8.3/../../../../pic32mx/lib/libpic32.a(vector31.o)
                0x9d03f5e0                __vector_dispatch_31
                0x00000001                ASSERT (((_vector_spacing == 0x0) || (SIZEOF (.vector_31) <= (_vector_spacing << 0x5))), function at exception vector 31 too large)

.vector_32      0x9d03f600        0x8
 *(.vector_32)
 .vector_32     0x9d03f600        0x8 /Applications/microchip/xc32/v1.44/bin/bin/../../lib/gcc/pic32mx/4.8.3/../../../../pic32mx/lib/libpic32.a(vector32.o)
                0x9d03f600                __vector_dispatch_32
                0x00000001                ASSERT (((_vector_spacing == 0x0) || (SIZEOF (.vector_32) <= (_vector_spacing << 0x5))), function at exception vector 32 too large)

.vector_33      0x9d03f620        0x8
 *(.vector_33)
 .vector_33     0x9d03f620        0x8 /Applications/microchip/xc32/v1.44/bin/bin/../../lib/gcc/pic32mx/4.8.3/../../../../pic32mx/lib/libpic32.a(vector33.o)
                0x9d03f620                __vector_dispatch_33
                0x00000001                ASSERT (((_vector_spacing == 0x0) || (SIZEOF (.vector_33) <= (_vector_spacing << 0x5))), function at exception vector 33 too large)

.vector_34      0x9d03f640        0x8
 *(.vector_34)
 .vector_34     0x9d03f640        0x8 build/default/debug/main.o
                0x9d03f640                __vector_dispatch_34
                0x00000001                ASSERT (((_vector_spacing == 0x0) || (SIZEOF (.vector_34) <= (_vector_spacing << 0x5))), function at exception vector 34 too large)

.vector_35      0x9d03f660        0x8
 *(.vector_35)
 .vector_35     0x9d03f660        0x8 /Applications/microchip/xc32/v1.44/bin/bin/../../lib/gcc/pic32mx/4.8.3/../../../../pic32mx/lib/libpic32.a(vector35.o)
                0x9d03f660                __vector_dispatch_35
                0x00000001                ASSERT (((_vector_spacing == 0x0) || (SIZEOF (.vector_35) <= (_vector_spacing << 0x5))), function at exception vector 35 too large)

.vector_36      0x9d03f680        0x8
 *(.vector_36)
 .vector_36     0x9d03f680        0x8 /Applications/microchip/xc32/v1.44/bin/bin/../../lib/gcc/pic32mx/4.8.3/../../../../pic32mx/lib/libpic32.a(vector36.o)
                0x9d03f680                __vector_dispatch_36
                0x00000001                ASSERT (((_vector_spacing == 0x0) || (SIZEOF (.vector_36) <= (_vector_spacing << 0x5))), function at exception vector 36 too large)

.vector_37      0x9d03f6a0        0x8
 *(.vector_37)
 .vector_37     0x9d03f6a0        0x8 /Applications/microchip/xc32/v1.44/bin/bin/../../lib/gcc/pic32mx/4.8.3/../../../../pic32mx/lib/libpic32.a(vector37.o)
                0x9d03f6a0                __vector_dispatch_37
                0x00000001                ASSERT (((_vector_spacing == 0x0) || (SIZEOF (.vector_37) <= (_vector_spacing << 0x5))), function at exception vector 37 too large)

.vector_38      0x9d03f6c0        0x8
 *(.vector_38)
 .vector_38     0x9d03f6c0        0x8 /Applications/microchip/xc32/v1.44/bin/bin/../../lib/gcc/pic32mx/4.8.3/../../../../pic32mx/lib/libpic32.a(vector38.o)
                0x9d03f6c0                __vector_dispatch_38
                0x00000001                ASSERT (((_vector_spacing == 0x0) || (SIZEOF (.vector_38) <= (_vector_spacing << 0x5))), function at exception vector 38 too large)

.vector_39      0x9d03f6e0        0x8
 *(.vector_39)
 .vector_39     0x9d03f6e0        0x8 /Applications/microchip/xc32/v1.44/bin/bin/../../lib/gcc/pic32mx/4.8.3/../../../../pic32mx/lib/libpic32.a(vector39.o)
                0x9d03f6e0                __vector_dispatch_39
                0x00000001                ASSERT (((_vector_spacing == 0x0) || (SIZEOF (.vector_39) <= (_vector_spacing << 0x5))), function at exception vector 39 too large)

.vector_40      0x9d03f700        0x8
 *(.vector_40)
 .vector_40     0x9d03f700        0x8 /Applications/microchip/xc32/v1.44/bin/bin/../../lib/gcc/pic32mx/4.8.3/../../../../pic32mx/lib/libpic32.a(vector40.o)
                0x9d03f700                __vector_dispatch_40
                0x00000001                ASSERT (((_vector_spacing == 0x0) || (SIZEOF (.vector_40) <= (_vector_spacing << 0x5))), function at exception vector 40 too large)

.vector_41      0x9d03f720        0x8
 *(.vector_41)
 .vector_41     0x9d03f720        0x8 /Applications/microchip/xc32/v1.44/bin/bin/../../lib/gcc/pic32mx/4.8.3/../../../../pic32mx/lib/libpic32.a(vector41.o)
                0x9d03f720                __vector_dispatch_41
                0x00000001                ASSERT (((_vector_spacing == 0x0) || (SIZEOF (.vector_41) <= (_vector_spacing << 0x5))), function at exception vector 41 too large)

.vector_42      0x9d03f740        0x8
 *(.vector_42)
 .vector_42     0x9d03f740        0x8 /Applications/microchip/xc32/v1.44/bin/bin/../../lib/gcc/pic32mx/4.8.3/../../../../pic32mx/lib/libpic32.a(vector42.o)
                0x9d03f740                __vector_dispatch_42
                0x00000001                ASSERT (((_vector_spacing == 0x0) || (SIZEOF (.vector_42) <= (_vector_spacing << 0x5))), function at exception vector 42 too large)

.vector_43      0x9d03f760        0x8
 *(.vector_43)
 .vector_43     0x9d03f760        0x8 /Applications/microchip/xc32/v1.44/bin/bin/../../lib/gcc/pic32mx/4.8.3/../../../../pic32mx/lib/libpic32.a(vector43.o)
                0x9d03f760                __vector_dispatch_43
                0x00000001                ASSERT (((_vector_spacing == 0x0) || (SIZEOF (.vector_43) <= (_vector_spacing << 0x5))), function at exception vector 43 too large)

.vector_44      0x9d03f780        0x0
 *(.vector_44)
                0x00000001                ASSERT (((_vector_spacing == 0x0) || (SIZEOF (.vector_44) <= (_vector_spacing << 0x5))), function at exception vector 44 too large)

.vector_45      0x9d03f7a0        0x0
 *(.vector_45)
                0x00000001                ASSERT (((_vector_spacing == 0x0) || (SIZEOF (.vector_45) <= (_vector_spacing << 0x5))), function at exception vector 45 too large)

.vector_46      0x9d03f7c0        0x0
 *(.vector_46)
                0x00000001                ASSERT (((_vector_spacing == 0x0) || (SIZEOF (.vector_46) <= (_vector_spacing << 0x5))), function at exception vector 46 too large)

.vector_47      0x9d03f7e0        0x0
 *(.vector_47)
                0x00000001                ASSERT (((_vector_spacing == 0x0) || (SIZEOF (.vector_47) <= (_vector_spacing << 0x5))), function at exception vector 47 too large)

.vector_48      0x9d03f800        0x0
 *(.vector_48)
                0x00000001                ASSERT (((_vector_spacing == 0x0) || (SIZEOF (.vector_48) <= (_vector_spacing << 0x5))), function at exception vector 48 too large)

.vector_49      0x9d03f820        0x0
 *(.vector_49)
                0x00000001                ASSERT (((_vector_spacing == 0x0) || (SIZEOF (.vector_49) <= (_vector_spacing << 0x5))), function at exception vector 49 too large)

.vector_50      0x9d03f840        0x0
 *(.vector_50)
                0x00000001                ASSERT (((_vector_spacing == 0x0) || (SIZEOF (.vector_50) <= (_vector_spacing << 0x5))), function at exception vector 50 too large)

.vector_51      0x9d03f860        0x0
 *(.vector_51)
                0x00000001                ASSERT (((_vector_spacing == 0x0) || (SIZEOF (.vector_51) <= (_vector_spacing << 0x5))), function at exception vector 51 too large)

.vector_52      0x9d03f880        0x0
 *(.vector_52)
                0x00000001                ASSERT (((_vector_spacing == 0x0) || (SIZEOF (.vector_52) <= (_vector_spacing << 0x5))), function at exception vector 52 too large)

.vector_53      0x9d03f8a0        0x0
 *(.vector_53)
                0x00000001                ASSERT (((_vector_spacing == 0x0) || (SIZEOF (.vector_53) <= (_vector_spacing << 0x5))), function at exception vector 53 too large)

.vector_54      0x9d03f8c0        0x0
 *(.vector_54)
                0x00000001                ASSERT (((_vector_spacing == 0x0) || (SIZEOF (.vector_54) <= (_vector_spacing << 0x5))), function at exception vector 54 too large)

.vector_55      0x9d03f8e0        0x0
 *(.vector_55)
                0x00000001                ASSERT (((_vector_spacing == 0x0) || (SIZEOF (.vector_55) <= (_vector_spacing << 0x5))), function at exception vector 55 too large)

.vector_56      0x9d03f900        0x0
 *(.vector_56)
                0x00000001                ASSERT (((_vector_spacing == 0x0) || (SIZEOF (.vector_56) <= (_vector_spacing << 0x5))), function at exception vector 56 too large)

.vector_57      0x9d03f920        0x0
 *(.vector_57)
                0x00000001                ASSERT (((_vector_spacing == 0x0) || (SIZEOF (.vector_57) <= (_vector_spacing << 0x5))), function at exception vector 57 too large)

.vector_58      0x9d03f940        0x0
 *(.vector_58)
                0x00000001                ASSERT (((_vector_spacing == 0x0) || (SIZEOF (.vector_58) <= (_vector_spacing << 0x5))), function at exception vector 58 too large)

.vector_59      0x9d03f960        0x0
 *(.vector_59)
                0x00000001                ASSERT (((_vector_spacing == 0x0) || (SIZEOF (.vector_59) <= (_vector_spacing << 0x5))), function at exception vector 59 too large)

.vector_60      0x9d03f980        0x0
 *(.vector_60)
                0x00000001                ASSERT (((_vector_spacing == 0x0) || (SIZEOF (.vector_60) <= (_vector_spacing << 0x5))), function at exception vector 60 too large)

.vector_61      0x9d03f9a0        0x0
 *(.vector_61)
                0x00000001                ASSERT (((_vector_spacing == 0x0) || (SIZEOF (.vector_61) <= (_vector_spacing << 0x5))), function at exception vector 61 too large)

.vector_62      0x9d03f9c0        0x0
 *(.vector_62)
                0x00000001                ASSERT (((_vector_spacing == 0x0) || (SIZEOF (.vector_62) <= (_vector_spacing << 0x5))), function at exception vector 62 too large)

.vector_63      0x9d03f9e0        0x0
 *(.vector_63)
                0x00000001                ASSERT (((_vector_spacing == 0x0) || (SIZEOF (.vector_63) <= (_vector_spacing << 0x5))), function at exception vector 63 too large)

.startup
 *(.startup)

.text           0x9d000000        0x0
 *(.stub .gnu.linkonce.t.*)
 *(.text.*personality*)
 *(.mips16.fn.*)
 *(.mips16.call.*)
 *(.gnu.warning)
                0x9d000000                . = ALIGN (0x4)

.init           0x9d000000        0x0
 *crti.o(.init)
 *crtbegin.o(.init)
 *(EXCLUDE_FILE(*crtn.o *crtend?.o *crtend.o) .init)
 *crtend.o(.init)
 *crtn.o(.init)
                0x9d000000                . = ALIGN (0x4)

.fini           0x9d000000        0x0
 *(.fini)
                0x9d000000                . = ALIGN (0x4)

.preinit_array  0x9d000000        0x0
                0x9d000000                PROVIDE (__preinit_array_start, .)
 *(.preinit_array)
                0x9d000000                PROVIDE (__preinit_array_end, .)
                0x9d000000                . = ALIGN (0x4)

.init_array     0x9d000000        0x0
                0x9d000000                PROVIDE (__init_array_start, .)
 *(SORT(.init_array.*))
 *(.init_array)
                0x9d000000                PROVIDE (__init_array_end, .)
                0x9d000000                . = ALIGN (0x4)

.fini_array     0x9d000000        0x0
                0x9d000000                PROVIDE (__fini_array_start, .)
 *(SORT(.fini_array.*))
 *(.fini_array)
                0x9d000000                PROVIDE (__fini_array_end, .)
                0x9d000000                . = ALIGN (0x4)

.ctors          0x9d000000        0x0
 *crtbegin.o(.ctors)
 *crtbegin?.o(.ctors)
 *(EXCLUDE_FILE(*crtend?.o *crtend.o) .ctors)
 *(SORT(.ctors.*))
 *(.ctors)
                0x9d000000                . = ALIGN (0x4)

.dtors          0x9d000000        0x0
 *crtbegin.o(.dtors)
 *crtbegin?.o(.dtors)
 *(EXCLUDE_FILE(*crtend?.o *crtend.o) .dtors)
 *(SORT(.dtors.*))
 *(.dtors)
                0x9d000000                . = ALIGN (0x4)

.rodata         0x9d000000        0x0
 *(.gnu.linkonce.r.*)
 *(.rodata1)
                0x9d000000                . = ALIGN (0x4)

.sdata2         0x9fc00490        0x0
 *(.sdata2 .sdata2.* .gnu.linkonce.s2.*)
                0x9fc00490                . = ALIGN (0x4)

.sbss2          0x9fc00490        0x0
 *(.sbss2 .sbss2.* .gnu.linkonce.sb2.*)
                0x9fc00490                . = ALIGN (0x4)

.eh_frame_hdr
 *(.eh_frame_hdr)
                0x9fc00490                . = ALIGN (0x4)

.eh_frame
 *(.eh_frame)
                0x9fc00490                . = ALIGN (0x4)

.gcc_except_table
 *(.gcc_except_table .gcc_except_table.*)
                0x9fc00490                . = ALIGN (0x4)

.dbg_data       0xa0000200        0x0
                0xa0000200                . = (. + DEFINED (_DEBUGGER)?0x200:0x0)

.jcr            0xa0000200        0x0
 *(.jcr)
                0xa0000200                . = ALIGN (0x4)

.eh_frame
 *(.eh_frame)
                0xa0000200                . = ALIGN (0x4)

.gcc_except_table
 *(.gcc_except_table .gcc_except_table.*)
                0xa0000200                . = ALIGN (0x4)

.persist        0xa0000200        0x0
                0xa0000200                _persist_begin = .
 *(.persist .persist.*)
 *(.pbss .pbss.*)
                0xa0000200                . = ALIGN (0x4)
                0xa0000200                _persist_end = .

.data           0xa0000200        0x0
 *(.gnu.linkonce.d.*)
 *(.data1)
                0xa0000200                . = ALIGN (0x4)
                0xa0000200                . = .
                0xa00081f0                _gp = (ALIGN (0x10) + 0x7ff0)

.got            0xa0000200        0x0
 *(.got.plt)
 *(.got)
                0xa0000200                . = ALIGN (0x4)

.sdata          0xa0000200        0x4
                0xa0000200                _sdata_begin = .
 *(.sdata .sdata.* .gnu.linkonce.s.*)
 .sdata         0xa0000200        0x2 build/default/debug/screen.o
 .sdata         0xa0000202        0x1 build/default/debug/power.o
                0xa0000204                . = ALIGN (0x4)
 *fill*         0xa0000203        0x1 
                0xa0000204                _sdata_end = .

.lit8
 *(.lit8)

.lit4
 *(.lit4)
                0xa0000204                . = ALIGN (0x4)
                0xa0000204                _data_end = .
                0xa0000204                _bss_begin = .

.sbss           0xa0000204       0x64
                0xa0000204                _sbss_begin = .
 *(.dynsbss)
 *(.sbss .sbss.* .gnu.linkonce.sb.*)
 .sbss          0xa0000204        0x2 build/default/debug/alarm.o
 .sbss          0xa0000206        0x1 build/default/debug/time_clock.o
 *fill*         0xa0000207        0x1 
 .sbss          0xa0000208        0x8 build/default/debug/time_countdown.o
 .sbss          0xa0000210        0x8 build/default/debug/time_stop.o
 .sbss          0xa0000218        0x2 build/default/debug/lcd_spi.o
 .sbss          0xa000021a        0x4 build/default/debug/button.o
 .sbss          0xa000021e        0x4 build/default/debug/mode_game.o
 *fill*         0xa0000222        0x2 
 .sbss          0xa0000224        0x8 build/default/debug/mode_gyro_i2c.o
 .sbss          0xa000022c        0xc build/default/debug/mode_temp.o
 .sbss          0xa0000238        0x4 build/default/debug/mode_test.o
 *(.scommon)
 .scommon       0xa000023c        0x1 build/default/debug/main.o
                0xa000023c                mode
 .scommon       0xa000023d        0x1 build/default/debug/power.o
                0xa000023d                bat_state
 .scommon       0xa000023e        0x4 build/default/debug/strings.o
                0xa000023e                blink_time
                0xa0000240                blink_trig
 .scommon       0xa0000242        0x1 build/default/debug/menu_time.o
                0xa0000242                date_print
 .scommon       0xa0000243        0x2 build/default/debug/alarm.o
                0xa0000243                alarm_mode
                0xa0000244                alarm_state
 .scommon       0xa0000245        0x1 build/default/debug/menu_buzzer.o
                0xa0000245                buz_state
 .scommon       0xa0000246        0x1 build/default/debug/menu_lang.o
                0xa0000246                lang_mode
 .scommon       0xa0000247        0x1 build/default/debug/menu_rotation.o
                0xa0000247                rot_state
 .scommon       0xa0000248        0x1 build/default/debug/time_countdown.o
                0xa0000248                count_trig
 .scommon       0xa0000249        0x1 build/default/debug/time_stop.o
                0xa0000249                stop_trig
 .scommon       0xa000024a        0x1 build/default/debug/menu_lum_pwm.o
                0xa000024a                lum_lvl
 .scommon       0xa000024b        0x1 build/default/debug/button.o
                0xa000024b                but
 .scommon       0xa000024c        0x4 build/default/debug/mode_game.o
                0xa000024c                game_score
                0xa000024e                game_mode
                0xa000024f                game_trig
 .scommon       0xa0000250        0x4 build/default/debug/mode_gyro_i2c.o
                0xa0000250                shift
                0xa0000252                gyro_trig
                0xa0000253                gyro_mode
 .scommon       0xa0000254        0x1 build/default/debug/mode_menu.o
                0xa0000254                menu_mode
 .scommon       0xa0000255        0x2 build/default/debug/mode_temp.o
                0xa0000255                temp_trig
                0xa0000256                temp_mode
 *fill*         0xa0000257        0x1 
 .scommon       0xa0000258        0xd build/default/debug/mode_time_rtcc.o
                0xa0000258                time_mode
                0xa000025c                count
                0xa0000264                time_set
 .scommon       0xa0000265        0x1 build/default/debug/menu_invert.o
                0xa0000265                inv_state
                0xa0000266                _sbss_end = .
                0xa0000268                . = ALIGN (0x4)
 *fill*         0xa0000266        0x2 

.bss            0xa0000268      0x37c
 *(.dynbss)
 *(COMMON)
 COMMON         0xa0000268       0xac build/default/debug/main.o
                0xa0000268                clk_set_loop
                0xa0000280                time_page
                0xa000028c                menu_page
                0xa00002b0                mode_page
                0xa00002c4                mode_loop
                0xa00002d8                count_set_loop
                0xa00002e4                time_loop
                0xa00002f0                menu_loop
 COMMON         0xa0000314      0x120 build/default/debug/fonts.o
                0xa0000314                alpha_L
                0xa000037c                alpha_n
                0xa00003a4                alpha_N
                0xa00003cc                alpha_l
 COMMON         0xa0000434      0x150 build/default/debug/strings.o
                0xa0000434                alarm_str
                0xa0000464                mode_game_str
                0xa000047c                mode_menu_str
                0xa00004e8                menu_game_str
                0xa0000518                time_mode_str
                0xa0000530                time_wday_str
 COMMON         0xa0000584       0x44 build/default/debug/mode_gyro_i2c.o
                0xa0000584                gyr
 COMMON         0xa00005c8       0x19 build/default/debug/mode_time_rtcc.o
                0xa00005c8                stop
                0xa00005d4                clock
                0xa00005e4                . = ALIGN ((. != 0x0)?0x4:0x1)
 *fill*         0xa00005e1        0x3 
                0xa00005e4                . = ALIGN (0x4)
                0xa00005e4                _end = .
                0xa00005e4                _bss_end = .
                0x00010000                _bmxdudba_address = 0x10000
                0x00010000                _bmxdupba_address = 0x10000

/DISCARD/
 *(.pdr)
 *(.rel.dyn)
 *(.note.GNU-stack)
 *(.note.GNU-stack)
 *(.gnu_debuglink)
 *(.gnu.lto_*)
 *(.discard)

.gptab.sdata
 *(.gptab.data)
 *(.gptab.sdata)

.gptab.sbss
 *(.gptab.bss)
 *(.gptab.sbss)

.mdebug.abi32   0xa00005e4        0x0
 *(.mdebug.abi32)
 .mdebug.abi32  0xa00005e4        0x0 /Applications/microchip/xc32/v1.44/bin/bin/../../lib/gcc/pic32mx/4.8.3/../../../../pic32mx/lib/software-debug-break.o
 .mdebug.abi32  0xa00005e4        0x0 build/default/debug/main.o
 .mdebug.abi32  0xa00005e4        0x0 build/default/debug/pragma.o
 .mdebug.abi32  0xa00005e4        0x0 build/default/debug/screen.o
 .mdebug.abi32  0xa00005e4        0x0 build/default/debug/fonts.o
 .mdebug.abi32  0xa00005e4        0x0 build/default/debug/pictures.o
 .mdebug.abi32  0xa00005e4        0x0 build/default/debug/delay.o
 .mdebug.abi32  0xa00005e4        0x0 build/default/debug/power.o
 .mdebug.abi32  0xa00005e4        0x0 build/default/debug/sleep.o
 .mdebug.abi32  0xa00005e4        0x0 build/default/debug/strings.o
 .mdebug.abi32  0xa00005e4        0x0 build/default/debug/menu_time.o
 .mdebug.abi32  0xa00005e4        0x0 build/default/debug/timers.o
 .mdebug.abi32  0xa00005e4        0x0 build/default/debug/alarm.o
 .mdebug.abi32  0xa00005e4        0x0 build/default/debug/init.o
 .mdebug.abi32  0xa00005e4        0x0 build/default/debug/menu_about.o
 .mdebug.abi32  0xa00005e4        0x0 build/default/debug/menu_buzzer.o
 .mdebug.abi32  0xa00005e4        0x0 build/default/debug/menu_game.o
 .mdebug.abi32  0xa00005e4        0x0 build/default/debug/menu_lang.o
 .mdebug.abi32  0xa00005e4        0x0 build/default/debug/menu_rotation.o
 .mdebug.abi32  0xa00005e4        0x0 build/default/debug/time_clock.o
 .mdebug.abi32  0xa00005e4        0x0 build/default/debug/time_countdown.o
 .mdebug.abi32  0xa00005e4        0x0 build/default/debug/time_stop.o
 .mdebug.abi32  0xa00005e4        0x0 build/default/debug/lcd_spi.o
 .mdebug.abi32  0xa00005e4        0x0 build/default/debug/menu_lum_pwm.o
 .mdebug.abi32  0xa00005e4        0x0 build/default/debug/button.o
 .mdebug.abi32  0xa00005e4        0x0 build/default/debug/mode_game.o
 .mdebug.abi32  0xa00005e4        0x0 build/default/debug/mode_gyro_i2c.o
 .mdebug.abi32  0xa00005e4        0x0 build/default/debug/mode_menu.o
 .mdebug.abi32  0xa00005e4        0x0 build/default/debug/mode_temp.o
 .mdebug.abi32  0xa00005e4        0x0 build/default/debug/mode_test.o
 .mdebug.abi32  0xa00005e4        0x0 build/default/debug/mode_time_rtcc.o
 .mdebug.abi32  0xa00005e4        0x0 build/default/debug/menu_alarm.o
 .mdebug.abi32  0xa00005e4        0x0 build/default/debug/menu_invert.o
 .mdebug.abi32  0xa00005e4        0x0 build/default/debug/ind_adc.o
 .mdebug.abi32  0xa00005e4        0x0 /Applications/microchip/xc32/v1.44/bin/bin/../../lib/gcc/pic32mx/4.8.3/../../../../pic32mx/lib/libpic32.a(default-bootstrap-exception-handler.o)
 .mdebug.abi32  0xa00005e4        0x0 /Applications/microchip/xc32/v1.44/bin/bin/../../lib/gcc/pic32mx/4.8.3/../../../../pic32mx/lib/libpic32.a(default-on-reset.o)
 .mdebug.abi32  0xa00005e4        0x0 /Applications/microchip/xc32/v1.44/bin/bin/../../lib/gcc/pic32mx/4.8.3/../../../../pic32mx/lib/libpic32.a(default-on-bootstrap.o)
 .mdebug.abi32  0xa00005e4        0x0 /Applications/microchip/xc32/v1.44/bin/bin/../../lib/gcc/pic32mx/4.8.3/../../../../pic32mx/lib/libpic32.a(default-general-exception-handler.o)
 .mdebug.abi32  0xa00005e4        0x0 /Applications/microchip/xc32/v1.44/bin/bin/../../lib/gcc/pic32mx/4.8.3/../../../../pic32mx/lib/libpic32.a(defaultinterrupt.o)

.mdebug.abiN32
 *(.mdebug.abiN32)

.mdebug.abi64
 *(.mdebug.abi64)

.mdebug.abiO64
 *(.mdebug.abiO64)

.mdebug.eabi32
 *(.mdebug.eabi32)

.mdebug.eabi64
 *(.mdebug.eabi64)

.gcc_compiled_long32
 *(.gcc_compiled_long32)

.gcc_compiled_long64
 *(.gcc_compiled_long64)

.stab
 *(.stab)

.stabstr
 *(.stabstr)

.stab.excl
 *(.stab.excl)

.stab.exclstr
 *(.stab.exclstr)

.stab.index
 *(.stab.index)

.stab.indexstr
 *(.stab.indexstr)

.comment        0x00000000       0x3c
 *(.comment)
 .comment       0x00000000       0x3c /Applications/microchip/xc32/v1.44/bin/bin/../../lib/gcc/pic32mx/4.8.3/../../../../pic32mx/lib/software-debug-break.o
                                 0x3d (size before relaxing)
 .comment       0x00000000       0x3d build/default/debug/main.o
 .comment       0x00000000       0x3d build/default/debug/pragma.o
 .comment       0x00000000       0x3d build/default/debug/screen.o
 .comment       0x00000000       0x3d build/default/debug/fonts.o
 .comment       0x00000000       0x3d build/default/debug/pictures.o
 .comment       0x00000000       0x3d build/default/debug/delay.o
 .comment       0x00000000       0x3d build/default/debug/power.o
 .comment       0x00000000       0x3d build/default/debug/sleep.o
 .comment       0x00000000       0x3d build/default/debug/strings.o
 .comment       0x00000000       0x3d build/default/debug/menu_time.o
 .comment       0x00000000       0x3d build/default/debug/timers.o
 .comment       0x00000000       0x3d build/default/debug/alarm.o
 .comment       0x00000000       0x3d build/default/debug/init.o
 .comment       0x00000000       0x3d build/default/debug/menu_about.o
 .comment       0x00000000       0x3d build/default/debug/menu_buzzer.o
 .comment       0x00000000       0x3d build/default/debug/menu_game.o
 .comment       0x00000000       0x3d build/default/debug/menu_lang.o
 .comment       0x00000000       0x3d build/default/debug/menu_rotation.o
 .comment       0x00000000       0x3d build/default/debug/time_clock.o
 .comment       0x00000000       0x3d build/default/debug/time_countdown.o
 .comment       0x00000000       0x3d build/default/debug/time_stop.o
 .comment       0x00000000       0x3d build/default/debug/lcd_spi.o
 .comment       0x00000000       0x3d build/default/debug/menu_lum_pwm.o
 .comment       0x00000000       0x3d build/default/debug/button.o
 .comment       0x00000000       0x3d build/default/debug/mode_game.o
 .comment       0x00000000       0x3d build/default/debug/mode_gyro_i2c.o
 .comment       0x00000000       0x3d build/default/debug/mode_menu.o
 .comment       0x00000000       0x3d build/default/debug/mode_temp.o
 .comment       0x00000000       0x3d build/default/debug/mode_test.o
 .comment       0x00000000       0x3d build/default/debug/mode_time_rtcc.o
 .comment       0x00000000       0x3d build/default/debug/menu_alarm.o
 .comment       0x00000000       0x3d build/default/debug/menu_invert.o
 .comment       0x00000000       0x3d build/default/debug/ind_adc.o
 .comment       0x00000000       0x3d /Applications/microchip/xc32/v1.44/bin/bin/../../lib/gcc/pic32mx/4.8.3/../../../../pic32mx/lib/libpic32.a(default-bootstrap-exception-handler.o)
 .comment       0x00000000       0x3d /Applications/microchip/xc32/v1.44/bin/bin/../../lib/gcc/pic32mx/4.8.3/../../../../pic32mx/lib/libpic32.a(default-on-reset.o)
 .comment       0x00000000       0x3d /Applications/microchip/xc32/v1.44/bin/bin/../../lib/gcc/pic32mx/4.8.3/../../../../pic32mx/lib/libpic32.a(default-on-bootstrap.o)
 .comment       0x00000000       0x3d /Applications/microchip/xc32/v1.44/bin/bin/../../lib/gcc/pic32mx/4.8.3/../../../../pic32mx/lib/libpic32.a(default-general-exception-handler.o)
 .comment       0x00000000       0x3d /Applications/microchip/xc32/v1.44/bin/bin/../../lib/gcc/pic32mx/4.8.3/../../../../pic32mx/lib/libpic32.a(defaultinterrupt.o)

.debug
 *(.debug)

.line
 *(.line)

.debug_srcinfo
 *(.debug_srcinfo)

.debug_sfnames
 *(.debug_sfnames)

.debug_aranges  0x00000000      0x4b8
 *(.debug_aranges)
 .debug_aranges
                0x00000000       0x20 /Applications/microchip/xc32/v1.44/bin/bin/../../lib/gcc/pic32mx/4.8.3/../../../../pic32mx/lib/software-debug-break.o
 .debug_aranges
                0x00000020       0x20 build/default/debug/main.o
 .debug_aranges
                0x00000040       0x20 build/default/debug/screen.o
 .debug_aranges
                0x00000060       0x20 build/default/debug/fonts.o
 .debug_aranges
                0x00000080       0x18 build/default/debug/pictures.o
 .debug_aranges
                0x00000098       0x20 build/default/debug/delay.o
 .debug_aranges
                0x000000b8       0x20 build/default/debug/power.o
 .debug_aranges
                0x000000d8       0x20 build/default/debug/sleep.o
 .debug_aranges
                0x000000f8       0x20 build/default/debug/strings.o
 .debug_aranges
                0x00000118       0x20 build/default/debug/menu_time.o
 .debug_aranges
                0x00000138       0x20 build/default/debug/timers.o
 .debug_aranges
                0x00000158       0x20 build/default/debug/alarm.o
 .debug_aranges
                0x00000178       0x20 build/default/debug/init.o
 .debug_aranges
                0x00000198       0x20 build/default/debug/menu_about.o
 .debug_aranges
                0x000001b8       0x20 build/default/debug/menu_buzzer.o
 .debug_aranges
                0x000001d8       0x20 build/default/debug/menu_game.o
 .debug_aranges
                0x000001f8       0x20 build/default/debug/menu_lang.o
 .debug_aranges
                0x00000218       0x20 build/default/debug/menu_rotation.o
 .debug_aranges
                0x00000238       0x20 build/default/debug/time_clock.o
 .debug_aranges
                0x00000258       0x20 build/default/debug/time_countdown.o
 .debug_aranges
                0x00000278       0x20 build/default/debug/time_stop.o
 .debug_aranges
                0x00000298       0x20 build/default/debug/lcd_spi.o
 .debug_aranges
                0x000002b8       0x20 build/default/debug/menu_lum_pwm.o
 .debug_aranges
                0x000002d8       0x20 build/default/debug/button.o
 .debug_aranges
                0x000002f8       0x20 build/default/debug/mode_game.o
 .debug_aranges
                0x00000318       0x20 build/default/debug/mode_gyro_i2c.o
 .debug_aranges
                0x00000338       0x20 build/default/debug/mode_menu.o
 .debug_aranges
                0x00000358       0x20 build/default/debug/mode_temp.o
 .debug_aranges
                0x00000378       0x20 build/default/debug/mode_test.o
 .debug_aranges
                0x00000398       0x20 build/default/debug/mode_time_rtcc.o
 .debug_aranges
                0x000003b8       0x20 build/default/debug/menu_alarm.o
 .debug_aranges
                0x000003d8       0x20 build/default/debug/menu_invert.o
 .debug_aranges
                0x000003f8       0x20 build/default/debug/ind_adc.o
 .debug_aranges
                0x00000418       0x20 /Applications/microchip/xc32/v1.44/bin/bin/../../lib/gcc/pic32mx/4.8.3/../../../../pic32mx/lib/libpic32.a(default-bootstrap-exception-handler.o)
 .debug_aranges
                0x00000438       0x20 /Applications/microchip/xc32/v1.44/bin/bin/../../lib/gcc/pic32mx/4.8.3/../../../../pic32mx/lib/libpic32.a(default-on-reset.o)
 .debug_aranges
                0x00000458       0x20 /Applications/microchip/xc32/v1.44/bin/bin/../../lib/gcc/pic32mx/4.8.3/../../../../pic32mx/lib/libpic32.a(default-on-bootstrap.o)
 .debug_aranges
                0x00000478       0x20 /Applications/microchip/xc32/v1.44/bin/bin/../../lib/gcc/pic32mx/4.8.3/../../../../pic32mx/lib/libpic32.a(default-general-exception-handler.o)
 .debug_aranges
                0x00000498       0x20 /Applications/microchip/xc32/v1.44/bin/bin/../../lib/gcc/pic32mx/4.8.3/../../../../pic32mx/lib/libpic32.a(defaultinterrupt.o)

.debug_pubnames
 *(.debug_pubnames)

.debug_info     0x00000000    0x13c41
 *(.debug_info .gnu.linkonce.wi.*)
 .debug_info    0x00000000       0xe4 /Applications/microchip/xc32/v1.44/bin/bin/../../lib/gcc/pic32mx/4.8.3/../../../../pic32mx/lib/software-debug-break.o
 .debug_info    0x000000e4     0x1025 build/default/debug/main.o
 .debug_info    0x00001109     0x1513 build/default/debug/screen.o
 .debug_info    0x0000261c      0x905 build/default/debug/fonts.o
 .debug_info    0x00002f21      0x2b5 build/default/debug/pictures.o
 .debug_info    0x000031d6      0x544 build/default/debug/delay.o
 .debug_info    0x0000371a      0xef2 build/default/debug/power.o
 .debug_info    0x0000460c      0xe44 build/default/debug/sleep.o
 .debug_info    0x00005450      0x573 build/default/debug/strings.o
 .debug_info    0x000059c3      0x454 build/default/debug/menu_time.o
 .debug_info    0x00005e17      0xcb0 build/default/debug/timers.o
 .debug_info    0x00006ac7      0x323 build/default/debug/alarm.o
 .debug_info    0x00006dea     0x1377 build/default/debug/init.o
 .debug_info    0x00008161      0x56b build/default/debug/menu_about.o
 .debug_info    0x000086cc      0x80a build/default/debug/menu_buzzer.o
 .debug_info    0x00008ed6      0x41e build/default/debug/menu_game.o
 .debug_info    0x000092f4      0x650 build/default/debug/menu_lang.o
 .debug_info    0x00009944      0x454 build/default/debug/menu_rotation.o
 .debug_info    0x00009d98     0x1631 build/default/debug/time_clock.o
 .debug_info    0x0000b3c9      0xcff build/default/debug/time_countdown.o
 .debug_info    0x0000c0c8      0x7ad build/default/debug/time_stop.o
 .debug_info    0x0000c875     0x1613 build/default/debug/lcd_spi.o
 .debug_info    0x0000de88      0x621 build/default/debug/menu_lum_pwm.o
 .debug_info    0x0000e4a9      0x6ce build/default/debug/button.o
 .debug_info    0x0000eb77      0x65e build/default/debug/mode_game.o
 .debug_info    0x0000f1d5     0x148c build/default/debug/mode_gyro_i2c.o
 .debug_info    0x00010661      0x6c0 build/default/debug/mode_menu.o
 .debug_info    0x00010d21      0x823 build/default/debug/mode_temp.o
 .debug_info    0x00011544      0x7d5 build/default/debug/mode_test.o
 .debug_info    0x00011d19      0xbd7 build/default/debug/mode_time_rtcc.o
 .debug_info    0x000128f0      0x41e build/default/debug/menu_alarm.o
 .debug_info    0x00012d0e      0x435 build/default/debug/menu_invert.o
 .debug_info    0x00013143      0x68c build/default/debug/ind_adc.o
 .debug_info    0x000137cf       0xf5 /Applications/microchip/xc32/v1.44/bin/bin/../../lib/gcc/pic32mx/4.8.3/../../../../pic32mx/lib/libpic32.a(default-bootstrap-exception-handler.o)
 .debug_info    0x000138c4       0xce /Applications/microchip/xc32/v1.44/bin/bin/../../lib/gcc/pic32mx/4.8.3/../../../../pic32mx/lib/libpic32.a(default-on-reset.o)
 .debug_info    0x00013992       0xd6 /Applications/microchip/xc32/v1.44/bin/bin/../../lib/gcc/pic32mx/4.8.3/../../../../pic32mx/lib/libpic32.a(default-on-bootstrap.o)
 .debug_info    0x00013a68       0xf1 /Applications/microchip/xc32/v1.44/bin/bin/../../lib/gcc/pic32mx/4.8.3/../../../../pic32mx/lib/libpic32.a(default-general-exception-handler.o)
 .debug_info    0x00013b59       0xe8 /Applications/microchip/xc32/v1.44/bin/bin/../../lib/gcc/pic32mx/4.8.3/../../../../pic32mx/lib/libpic32.a(defaultinterrupt.o)

.debug_abbrev   0x00000000     0x2d29
 *(.debug_abbrev)
 .debug_abbrev  0x00000000       0x28 /Applications/microchip/xc32/v1.44/bin/bin/../../lib/gcc/pic32mx/4.8.3/../../../../pic32mx/lib/software-debug-break.o
 .debug_abbrev  0x00000028      0x1f9 build/default/debug/main.o
 .debug_abbrev  0x00000221      0x1de build/default/debug/screen.o
 .debug_abbrev  0x000003ff       0x84 build/default/debug/fonts.o
 .debug_abbrev  0x00000483       0x5f build/default/debug/pictures.o
 .debug_abbrev  0x000004e2       0xf7 build/default/debug/delay.o
 .debug_abbrev  0x000005d9      0x1d8 build/default/debug/power.o
 .debug_abbrev  0x000007b1      0x168 build/default/debug/sleep.o
 .debug_abbrev  0x00000919      0x121 build/default/debug/strings.o
 .debug_abbrev  0x00000a3a      0x116 build/default/debug/menu_time.o
 .debug_abbrev  0x00000b50      0x189 build/default/debug/timers.o
 .debug_abbrev  0x00000cd9       0xf4 build/default/debug/alarm.o
 .debug_abbrev  0x00000dcd      0x1b5 build/default/debug/init.o
 .debug_abbrev  0x00000f82      0x128 build/default/debug/menu_about.o
 .debug_abbrev  0x000010aa      0x19a build/default/debug/menu_buzzer.o
 .debug_abbrev  0x00001244      0x10a build/default/debug/menu_game.o
 .debug_abbrev  0x0000134e      0x12a build/default/debug/menu_lang.o
 .debug_abbrev  0x00001478      0x115 build/default/debug/menu_rotation.o
 .debug_abbrev  0x0000158d      0x1de build/default/debug/time_clock.o
 .debug_abbrev  0x0000176b      0x169 build/default/debug/time_countdown.o
 .debug_abbrev  0x000018d4      0x15e build/default/debug/time_stop.o
 .debug_abbrev  0x00001a32      0x25d build/default/debug/lcd_spi.o
 .debug_abbrev  0x00001c8f      0x1ad build/default/debug/menu_lum_pwm.o
 .debug_abbrev  0x00001e3c      0x17d build/default/debug/button.o
 .debug_abbrev  0x00001fb9      0x12e build/default/debug/mode_game.o
 .debug_abbrev  0x000020e7      0x227 build/default/debug/mode_gyro_i2c.o
 .debug_abbrev  0x0000230e      0x139 build/default/debug/mode_menu.o
 .debug_abbrev  0x00002447      0x17e build/default/debug/mode_temp.o
 .debug_abbrev  0x000025c5      0x116 build/default/debug/mode_test.o
 .debug_abbrev  0x000026db      0x244 build/default/debug/mode_time_rtcc.o
 .debug_abbrev  0x0000291f      0x10a build/default/debug/menu_alarm.o
 .debug_abbrev  0x00002a29      0x120 build/default/debug/menu_invert.o
 .debug_abbrev  0x00002b49      0x118 build/default/debug/ind_adc.o
 .debug_abbrev  0x00002c61       0x28 /Applications/microchip/xc32/v1.44/bin/bin/../../lib/gcc/pic32mx/4.8.3/../../../../pic32mx/lib/libpic32.a(default-bootstrap-exception-handler.o)
 .debug_abbrev  0x00002c89       0x28 /Applications/microchip/xc32/v1.44/bin/bin/../../lib/gcc/pic32mx/4.8.3/../../../../pic32mx/lib/libpic32.a(default-on-reset.o)
 .debug_abbrev  0x00002cb1       0x28 /Applications/microchip/xc32/v1.44/bin/bin/../../lib/gcc/pic32mx/4.8.3/../../../../pic32mx/lib/libpic32.a(default-on-bootstrap.o)
 .debug_abbrev  0x00002cd9       0x28 /Applications/microchip/xc32/v1.44/bin/bin/../../lib/gcc/pic32mx/4.8.3/../../../../pic32mx/lib/libpic32.a(default-general-exception-handler.o)
 .debug_abbrev  0x00002d01       0x28 /Applications/microchip/xc32/v1.44/bin/bin/../../lib/gcc/pic32mx/4.8.3/../../../../pic32mx/lib/libpic32.a(defaultinterrupt.o)

.debug_line     0x00000000     0x24e4
 *(.debug_line)
 .debug_line    0x00000000       0x9a /Applications/microchip/xc32/v1.44/bin/bin/../../lib/gcc/pic32mx/4.8.3/../../../../pic32mx/lib/software-debug-break.o
 .debug_line    0x0000009a      0x144 build/default/debug/main.o
 .debug_line    0x000001de        0x0 build/default/debug/pragma.o
 .debug_line    0x000001de      0x18c build/default/debug/screen.o
 .debug_line    0x0000036a       0xef build/default/debug/fonts.o
 .debug_line    0x00000459       0x55 build/default/debug/pictures.o
 .debug_line    0x000004ae       0xbd build/default/debug/delay.o
 .debug_line    0x0000056b      0x112 build/default/debug/power.o
 .debug_line    0x0000067d       0xf2 build/default/debug/sleep.o
 .debug_line    0x0000076f      0x164 build/default/debug/strings.o
 .debug_line    0x000008d3       0x94 build/default/debug/menu_time.o
 .debug_line    0x00000967       0xf9 build/default/debug/timers.o
 .debug_line    0x00000a60       0x87 build/default/debug/alarm.o
 .debug_line    0x00000ae7      0x1a4 build/default/debug/init.o
 .debug_line    0x00000c8b       0x8e build/default/debug/menu_about.o
 .debug_line    0x00000d19       0xe7 build/default/debug/menu_buzzer.o
 .debug_line    0x00000e00       0x9a build/default/debug/menu_game.o
 .debug_line    0x00000e9a       0xbd build/default/debug/menu_lang.o
 .debug_line    0x00000f57       0xa1 build/default/debug/menu_rotation.o
 .debug_line    0x00000ff8      0x2aa build/default/debug/time_clock.o
 .debug_line    0x000012a2      0x164 build/default/debug/time_countdown.o
 .debug_line    0x00001406       0xff build/default/debug/time_stop.o
 .debug_line    0x00001505      0x237 build/default/debug/lcd_spi.o
 .debug_line    0x0000173c       0xef build/default/debug/menu_lum_pwm.o
 .debug_line    0x0000182b       0xe1 build/default/debug/button.o
 .debug_line    0x0000190c       0xc9 build/default/debug/mode_game.o
 .debug_line    0x000019d5      0x24d build/default/debug/mode_gyro_i2c.o
 .debug_line    0x00001c22       0xc4 build/default/debug/mode_menu.o
 .debug_line    0x00001ce6       0xf5 build/default/debug/mode_temp.o
 .debug_line    0x00001ddb       0xc9 build/default/debug/mode_test.o
 .debug_line    0x00001ea4      0x136 build/default/debug/mode_time_rtcc.o
 .debug_line    0x00001fda       0x9b build/default/debug/menu_alarm.o
 .debug_line    0x00002075       0x85 build/default/debug/menu_invert.o
 .debug_line    0x000020fa       0xcc build/default/debug/ind_adc.o
 .debug_line    0x000021c6       0xa7 /Applications/microchip/xc32/v1.44/bin/bin/../../lib/gcc/pic32mx/4.8.3/../../../../pic32mx/lib/libpic32.a(default-bootstrap-exception-handler.o)
 .debug_line    0x0000226d       0x94 /Applications/microchip/xc32/v1.44/bin/bin/../../lib/gcc/pic32mx/4.8.3/../../../../pic32mx/lib/libpic32.a(default-on-reset.o)
 .debug_line    0x00002301       0x98 /Applications/microchip/xc32/v1.44/bin/bin/../../lib/gcc/pic32mx/4.8.3/../../../../pic32mx/lib/libpic32.a(default-on-bootstrap.o)
 .debug_line    0x00002399       0xa5 /Applications/microchip/xc32/v1.44/bin/bin/../../lib/gcc/pic32mx/4.8.3/../../../../pic32mx/lib/libpic32.a(default-general-exception-handler.o)
 .debug_line    0x0000243e       0xa6 /Applications/microchip/xc32/v1.44/bin/bin/../../lib/gcc/pic32mx/4.8.3/../../../../pic32mx/lib/libpic32.a(defaultinterrupt.o)

.debug_frame    0x00000000     0x1460
 *(.debug_frame)
 .debug_frame   0x00000000       0x20 /Applications/microchip/xc32/v1.44/bin/bin/../../lib/gcc/pic32mx/4.8.3/../../../../pic32mx/lib/software-debug-break.o
 .debug_frame   0x00000020       0x94 build/default/debug/main.o
 .debug_frame   0x000000b4      0x140 build/default/debug/screen.o
 .debug_frame   0x000001f4       0x30 build/default/debug/fonts.o
 .debug_frame   0x00000224       0x30 build/default/debug/delay.o
 .debug_frame   0x00000254       0x90 build/default/debug/power.o
 .debug_frame   0x000002e4       0x70 build/default/debug/sleep.o
 .debug_frame   0x00000354       0x70 build/default/debug/strings.o
 .debug_frame   0x000003c4       0x50 build/default/debug/menu_time.o
 .debug_frame   0x00000414       0xd0 build/default/debug/timers.o
 .debug_frame   0x000004e4       0x4c build/default/debug/alarm.o
 .debug_frame   0x00000530       0xcc build/default/debug/init.o
 .debug_frame   0x000005fc       0x50 build/default/debug/menu_about.o
 .debug_frame   0x0000064c       0x88 build/default/debug/menu_buzzer.o
 .debug_frame   0x000006d4       0x50 build/default/debug/menu_game.o
 .debug_frame   0x00000724       0x70 build/default/debug/menu_lang.o
 .debug_frame   0x00000794       0x50 build/default/debug/menu_rotation.o
 .debug_frame   0x000007e4      0x170 build/default/debug/time_clock.o
 .debug_frame   0x00000954      0x12c build/default/debug/time_countdown.o
 .debug_frame   0x00000a80       0xb0 build/default/debug/time_stop.o
 .debug_frame   0x00000b30      0x270 build/default/debug/lcd_spi.o
 .debug_frame   0x00000da0       0x90 build/default/debug/menu_lum_pwm.o
 .debug_frame   0x00000e30       0x4c build/default/debug/button.o
 .debug_frame   0x00000e7c       0x6c build/default/debug/mode_game.o
 .debug_frame   0x00000ee8      0x1b0 build/default/debug/mode_gyro_i2c.o
 .debug_frame   0x00001098       0x70 build/default/debug/mode_menu.o
 .debug_frame   0x00001108       0x70 build/default/debug/mode_temp.o
 .debug_frame   0x00001178       0x50 build/default/debug/mode_test.o
 .debug_frame   0x000011c8       0xf0 build/default/debug/mode_time_rtcc.o
 .debug_frame   0x000012b8       0x50 build/default/debug/menu_alarm.o
 .debug_frame   0x00001308       0x50 build/default/debug/menu_invert.o
 .debug_frame   0x00001358       0x50 build/default/debug/ind_adc.o
 .debug_frame   0x000013a8       0x2c /Applications/microchip/xc32/v1.44/bin/bin/../../lib/gcc/pic32mx/4.8.3/../../../../pic32mx/lib/libpic32.a(default-bootstrap-exception-handler.o)
 .debug_frame   0x000013d4       0x20 /Applications/microchip/xc32/v1.44/bin/bin/../../lib/gcc/pic32mx/4.8.3/../../../../pic32mx/lib/libpic32.a(default-on-reset.o)
 .debug_frame   0x000013f4       0x20 /Applications/microchip/xc32/v1.44/bin/bin/../../lib/gcc/pic32mx/4.8.3/../../../../pic32mx/lib/libpic32.a(default-on-bootstrap.o)
 .debug_frame   0x00001414       0x2c /Applications/microchip/xc32/v1.44/bin/bin/../../lib/gcc/pic32mx/4.8.3/../../../../pic32mx/lib/libpic32.a(default-general-exception-handler.o)
 .debug_frame   0x00001440       0x20 /Applications/microchip/xc32/v1.44/bin/bin/../../lib/gcc/pic32mx/4.8.3/../../../../pic32mx/lib/libpic32.a(defaultinterrupt.o)

.debug_str      0x00000000      0x7ac
 *(.debug_str)
 .debug_str     0x00000000        0x0 /Applications/microchip/xc32/v1.44/bin/bin/../../lib/gcc/pic32mx/4.8.3/../../../../pic32mx/lib/software-debug-break.o
 .debug_str     0x00000000       0xa6 build/default/debug/main.o
 .debug_str     0x000000a6        0x0 build/default/debug/pragma.o
 .debug_str     0x000000a6       0x41 build/default/debug/screen.o
 .debug_str     0x000000e7        0x0 build/default/debug/fonts.o
 .debug_str     0x000000e7        0x0 build/default/debug/pictures.o
 .debug_str     0x000000e7        0x0 build/default/debug/delay.o
 .debug_str     0x000000e7       0x1a build/default/debug/power.o
 .debug_str     0x00000101       0x3c build/default/debug/sleep.o
 .debug_str     0x0000013d       0x11 build/default/debug/strings.o
 .debug_str     0x0000014e       0x28 build/default/debug/menu_time.o
 .debug_str     0x00000176       0x27 build/default/debug/timers.o
 .debug_str     0x0000019d        0x0 build/default/debug/alarm.o
 .debug_str     0x0000019d       0x98 build/default/debug/init.o
 .debug_str     0x00000235       0x5b build/default/debug/menu_about.o
 .debug_str     0x00000290       0x29 build/default/debug/menu_buzzer.o
 .debug_str     0x000002b9       0x39 build/default/debug/menu_game.o
 .debug_str     0x000002f2       0x54 build/default/debug/menu_lang.o
 .debug_str     0x00000346       0x29 build/default/debug/menu_rotation.o
 .debug_str     0x0000036f       0x88 build/default/debug/time_clock.o
 .debug_str     0x000003f7       0x7b build/default/debug/time_countdown.o
 .debug_str     0x00000472       0x6c build/default/debug/time_stop.o
 .debug_str     0x000004de       0x67 build/default/debug/lcd_spi.o
 .debug_str     0x00000545       0x1e build/default/debug/menu_lum_pwm.o
 .debug_str     0x00000563        0x8 build/default/debug/button.o
 .debug_str     0x0000056b       0x36 build/default/debug/mode_game.o
 .debug_str     0x000005a1       0x6d build/default/debug/mode_gyro_i2c.o
 .debug_str     0x0000060e       0x54 build/default/debug/mode_menu.o
 .debug_str     0x00000662       0x53 build/default/debug/mode_temp.o
 .debug_str     0x000006b5       0x47 build/default/debug/mode_test.o
 .debug_str     0x000006fc       0x39 build/default/debug/mode_time_rtcc.o
 .debug_str     0x00000735       0x39 build/default/debug/menu_alarm.o
 .debug_str     0x0000076e       0x3e build/default/debug/menu_invert.o
 .debug_str     0x000007ac        0x0 build/default/debug/ind_adc.o
 .debug_str     0x000007ac        0x0 /Applications/microchip/xc32/v1.44/bin/bin/../../lib/gcc/pic32mx/4.8.3/../../../../pic32mx/lib/libpic32.a(default-bootstrap-exception-handler.o)
 .debug_str     0x000007ac        0x0 /Applications/microchip/xc32/v1.44/bin/bin/../../lib/gcc/pic32mx/4.8.3/../../../../pic32mx/lib/libpic32.a(default-on-reset.o)
 .debug_str     0x000007ac        0x0 /Applications/microchip/xc32/v1.44/bin/bin/../../lib/gcc/pic32mx/4.8.3/../../../../pic32mx/lib/libpic32.a(default-on-bootstrap.o)
 .debug_str     0x000007ac        0x0 /Applications/microchip/xc32/v1.44/bin/bin/../../lib/gcc/pic32mx/4.8.3/../../../../pic32mx/lib/libpic32.a(default-general-exception-handler.o)
 .debug_str     0x000007ac        0x0 /Applications/microchip/xc32/v1.44/bin/bin/../../lib/gcc/pic32mx/4.8.3/../../../../pic32mx/lib/libpic32.a(defaultinterrupt.o)

.debug_loc      0x00000000     0x348d
 *(.debug_loc)
 .debug_loc     0x00000000       0xd4 build/default/debug/main.o
 .debug_loc     0x000000d4      0x36f build/default/debug/screen.o
 .debug_loc     0x00000443       0x38 build/default/debug/fonts.o
 .debug_loc     0x0000047b       0x6d build/default/debug/delay.o
 .debug_loc     0x000004e8      0x138 build/default/debug/power.o
 .debug_loc     0x00000620       0xea build/default/debug/sleep.o
 .debug_loc     0x0000070a      0x156 build/default/debug/strings.o
 .debug_loc     0x00000860       0xa7 build/default/debug/menu_time.o
 .debug_loc     0x00000907      0x150 build/default/debug/timers.o
 .debug_loc     0x00000a57       0x70 build/default/debug/alarm.o
 .debug_loc     0x00000ac7      0x1ed build/default/debug/init.o
 .debug_loc     0x00000cb4       0x70 build/default/debug/menu_about.o
 .debug_loc     0x00000d24      0x101 build/default/debug/menu_buzzer.o
 .debug_loc     0x00000e25       0x70 build/default/debug/menu_game.o
 .debug_loc     0x00000e95       0xa8 build/default/debug/menu_lang.o
 .debug_loc     0x00000f3d       0x70 build/default/debug/menu_rotation.o
 .debug_loc     0x00000fad      0x45c build/default/debug/time_clock.o
 .debug_loc     0x00001409      0x269 build/default/debug/time_countdown.o
 .debug_loc     0x00001672      0x118 build/default/debug/time_stop.o
 .debug_loc     0x0000178a      0xea8 build/default/debug/lcd_spi.o
 .debug_loc     0x00002632       0xe0 build/default/debug/menu_lum_pwm.o
 .debug_loc     0x00002712       0x70 build/default/debug/button.o
 .debug_loc     0x00002782       0xa8 build/default/debug/mode_game.o
 .debug_loc     0x0000282a      0x588 build/default/debug/mode_gyro_i2c.o
 .debug_loc     0x00002db2      0x16a build/default/debug/mode_menu.o
 .debug_loc     0x00002f1c       0xea build/default/debug/mode_temp.o
 .debug_loc     0x00003006       0x70 build/default/debug/mode_test.o
 .debug_loc     0x00003076      0x24e build/default/debug/mode_time_rtcc.o
 .debug_loc     0x000032c4       0x70 build/default/debug/menu_alarm.o
 .debug_loc     0x00003334       0x70 build/default/debug/menu_invert.o
 .debug_loc     0x000033a4       0x91 build/default/debug/ind_adc.o
 .debug_loc     0x00003435       0x2c /Applications/microchip/xc32/v1.44/bin/bin/../../lib/gcc/pic32mx/4.8.3/../../../../pic32mx/lib/libpic32.a(default-bootstrap-exception-handler.o)
 .debug_loc     0x00003461       0x2c /Applications/microchip/xc32/v1.44/bin/bin/../../lib/gcc/pic32mx/4.8.3/../../../../pic32mx/lib/libpic32.a(default-general-exception-handler.o)

.debug_macinfo
 *(.debug_macinfo)

.debug_weaknames
 *(.debug_weaknames)

.debug_funcnames
 *(.debug_funcnames)

.debug_typenames
 *(.debug_typenames)

.debug_varnames
 *(.debug_varnames)

.debug_pubtypes
 *(.debug_pubtypes)

.debug_ranges   0x00000000       0x60
 *(.debug_ranges)
 .debug_ranges  0x00000000       0x10 /Applications/microchip/xc32/v1.44/bin/bin/../../lib/gcc/pic32mx/4.8.3/../../../../pic32mx/lib/software-debug-break.o
 .debug_ranges  0x00000010       0x10 /Applications/microchip/xc32/v1.44/bin/bin/../../lib/gcc/pic32mx/4.8.3/../../../../pic32mx/lib/libpic32.a(default-bootstrap-exception-handler.o)
 .debug_ranges  0x00000020       0x10 /Applications/microchip/xc32/v1.44/bin/bin/../../lib/gcc/pic32mx/4.8.3/../../../../pic32mx/lib/libpic32.a(default-on-reset.o)
 .debug_ranges  0x00000030       0x10 /Applications/microchip/xc32/v1.44/bin/bin/../../lib/gcc/pic32mx/4.8.3/../../../../pic32mx/lib/libpic32.a(default-on-bootstrap.o)
 .debug_ranges  0x00000040       0x10 /Applications/microchip/xc32/v1.44/bin/bin/../../lib/gcc/pic32mx/4.8.3/../../../../pic32mx/lib/libpic32.a(default-general-exception-handler.o)
 .debug_ranges  0x00000050       0x10 /Applications/microchip/xc32/v1.44/bin/bin/../../lib/gcc/pic32mx/4.8.3/../../../../pic32mx/lib/libpic32.a(defaultinterrupt.o)

.gnu.attributes
                0x00000000       0x10
 *(.gnu.attributes)
 .gnu.attributes
                0x00000000       0x10 /Applications/microchip/xc32/v1.44/bin/bin/../../lib/gcc/pic32mx/4.8.3/../../../../pic32mx/lib/software-debug-break.o
 .gnu.attributes
                0x00000010       0x10 build/default/debug/main.o
 .gnu.attributes
                0x00000020       0x10 build/default/debug/pragma.o
 .gnu.attributes
                0x00000030       0x10 build/default/debug/screen.o
 .gnu.attributes
                0x00000040       0x10 build/default/debug/fonts.o
 .gnu.attributes
                0x00000050       0x10 build/default/debug/pictures.o
 .gnu.attributes
                0x00000060       0x10 build/default/debug/delay.o
 .gnu.attributes
                0x00000070       0x10 build/default/debug/power.o
 .gnu.attributes
                0x00000080       0x10 build/default/debug/sleep.o
 .gnu.attributes
                0x00000090       0x10 build/default/debug/strings.o
 .gnu.attributes
                0x000000a0       0x10 build/default/debug/menu_time.o
 .gnu.attributes
                0x000000b0       0x10 build/default/debug/timers.o
 .gnu.attributes
                0x000000c0       0x10 build/default/debug/alarm.o
 .gnu.attributes
                0x000000d0       0x10 build/default/debug/init.o
 .gnu.attributes
                0x000000e0       0x10 build/default/debug/menu_about.o
 .gnu.attributes
                0x000000f0       0x10 build/default/debug/menu_buzzer.o
 .gnu.attributes
                0x00000100       0x10 build/default/debug/menu_game.o
 .gnu.attributes
                0x00000110       0x10 build/default/debug/menu_lang.o
 .gnu.attributes
                0x00000120       0x10 build/default/debug/menu_rotation.o
 .gnu.attributes
                0x00000130       0x10 build/default/debug/time_clock.o
 .gnu.attributes
                0x00000140       0x10 build/default/debug/time_countdown.o
 .gnu.attributes
                0x00000150       0x10 build/default/debug/time_stop.o
 .gnu.attributes
                0x00000160       0x10 build/default/debug/lcd_spi.o
 .gnu.attributes
                0x00000170       0x10 build/default/debug/menu_lum_pwm.o
 .gnu.attributes
                0x00000180       0x10 build/default/debug/button.o
 .gnu.attributes
                0x00000190       0x10 build/default/debug/mode_game.o
 .gnu.attributes
                0x000001a0       0x10 build/default/debug/mode_gyro_i2c.o
 .gnu.attributes
                0x000001b0       0x10 build/default/debug/mode_menu.o
 .gnu.attributes
                0x000001c0       0x10 build/default/debug/mode_temp.o
 .gnu.attributes
                0x000001d0       0x10 build/default/debug/mode_test.o
 .gnu.attributes
                0x000001e0       0x10 build/default/debug/mode_time_rtcc.o
 .gnu.attributes
                0x000001f0       0x10 build/default/debug/menu_alarm.o
 .gnu.attributes
                0x00000200       0x10 build/default/debug/menu_invert.o
 .gnu.attributes
                0x00000210       0x10 build/default/debug/ind_adc.o
 .gnu.attributes
                0x00000220       0x10 /Applications/microchip/xc32/v1.44/bin/bin/../../lib/gcc/pic32mx/4.8.3/../../../../pic32mx/lib/libpic32.a(default-bootstrap-exception-handler.o)
 .gnu.attributes
                0x00000230       0x10 /Applications/microchip/xc32/v1.44/bin/bin/../../lib/gcc/pic32mx/4.8.3/../../../../pic32mx/lib/libpic32.a(default-on-reset.o)
 .gnu.attributes
                0x00000240       0x10 /Applications/microchip/xc32/v1.44/bin/bin/../../lib/gcc/pic32mx/4.8.3/../../../../pic32mx/lib/libpic32.a(default-on-bootstrap.o)
 .gnu.attributes
                0x00000250       0x10 /Applications/microchip/xc32/v1.44/bin/bin/../../lib/gcc/pic32mx/4.8.3/../../../../pic32mx/lib/libpic32.a(default-general-exception-handler.o)
 .gnu.attributes
                0x00000260       0x10 /Applications/microchip/xc32/v1.44/bin/bin/../../lib/gcc/pic32mx/4.8.3/../../../../pic32mx/lib/libpic32.a(defaultinterrupt.o)
LOAD /Applications/microchip/xc32/v1.44/bin/bin/../../lib/gcc/pic32mx/4.8.3/libgcc.a
START GROUP
LOAD /Applications/microchip/xc32/v1.44/bin/bin/../../lib/gcc/pic32mx/4.8.3/../../../../pic32mx/lib/libpic32.a
LOAD /Applications/microchip/xc32/v1.44/bin/bin/../../lib/gcc/pic32mx/4.8.3/../../../../pic32mx/lib/libdebug.a
LOAD /Applications/microchip/xc32/v1.44/bin/bin/../../lib/gcc/pic32mx/4.8.3/../../../../pic32mx/lib/libpic32.a
LOAD /Applications/microchip/xc32/v1.44/bin/bin/../../lib/gcc/pic32mx/4.8.3/../../../../pic32mx/lib/libc.a
LOAD /Applications/microchip/xc32/v1.44/bin/bin/../../lib/gcc/pic32mx/4.8.3/../../../../pic32mx/lib/libc.a
LOAD /Applications/microchip/xc32/v1.44/bin/bin/../../lib/gcc/pic32mx/4.8.3/../../../../pic32mx/lib/libm.a
LOAD /Applications/microchip/xc32/v1.44/bin/bin/../../lib/gcc/pic32mx/4.8.3/../../../../pic32mx/lib/libe.a
LOAD /Applications/microchip/xc32/v1.44/bin/bin/../../lib/gcc/pic32mx/4.8.3/../../../../pic32mx/lib/libdsp.a
LOAD /Applications/microchip/xc32/v1.44/bin/bin/../../lib/gcc/pic32mx/4.8.3/libgcc.a
LOAD /Applications/microchip/xc32/v1.44/bin/bin/../../lib/gcc/pic32mx/4.8.3/../../../../pic32mx/lib/libpic32.a
END GROUP
LOAD /Applications/microchip/xc32/v1.44/bin/bin/../../lib/gcc/pic32mx/4.8.3/libgcc.a
OUTPUT(dist/default/debug/mplab_ende.debug.elf elf32-tradlittlemips)
LOAD stack
LOAD data_init

.reginfo        0x00000000       0x18
 .reginfo       0x00000000       0x18 /Applications/microchip/xc32/v1.44/bin/bin/../../lib/gcc/pic32mx/4.8.3/../../../../pic32mx/lib/./proc/32MX170F256B/crt0_mips32r2.o

.stack          0xa0000610      0x400
 .stack         0xa0000610      0x400 stack

.bss%z1         0x00000000        0x0
 .bss           0x00000000        0x0 /Applications/microchip/xc32/v1.44/bin/bin/../../lib/gcc/pic32mx/4.8.3/../../../../pic32mx/lib/libm.a(sitofp.o)

.data%z2        0x00000000        0x0
 .data          0x00000000        0x0 /Applications/microchip/xc32/v1.44/bin/bin/../../lib/gcc/pic32mx/4.8.3/../../../../pic32mx/lib/libm.a(sitofp.o)

.bss%z3         0x00000000        0x0
 .bss           0x00000000        0x0 /Applications/microchip/xc32/v1.44/bin/bin/../../lib/gcc/pic32mx/4.8.3/../../../../pic32mx/lib/libm.a(fptoul.o)

.data%z4        0x00000000        0x0
 .data          0x00000000        0x0 /Applications/microchip/xc32/v1.44/bin/bin/../../lib/gcc/pic32mx/4.8.3/../../../../pic32mx/lib/libm.a(fptoul.o)

.bss%z5         0x00000000        0x0
 .bss           0x00000000        0x0 /Applications/microchip/xc32/v1.44/bin/bin/../../lib/gcc/pic32mx/4.8.3/../../../../pic32mx/lib/libm.a(fptoli.o)

.data%z6        0x00000000        0x0
 .data          0x00000000        0x0 /Applications/microchip/xc32/v1.44/bin/bin/../../lib/gcc/pic32mx/4.8.3/../../../../pic32mx/lib/libm.a(fptoli.o)

.bss%z7         0x00000000        0x0
 .bss           0x00000000        0x0 /Applications/microchip/xc32/v1.44/bin/bin/../../lib/gcc/pic32mx/4.8.3/../../../../pic32mx/lib/libm.a(fp32subadd.o)

.data%z8        0x00000000        0x0
 .data          0x00000000        0x0 /Applications/microchip/xc32/v1.44/bin/bin/../../lib/gcc/pic32mx/4.8.3/../../../../pic32mx/lib/libm.a(fp32subadd.o)

.bss%z9         0x00000000        0x0
 .bss           0x00000000        0x0 /Applications/microchip/xc32/v1.44/bin/bin/../../lib/gcc/pic32mx/4.8.3/../../../../pic32mx/lib/libm.a(fp32mul.o)

.data%z10       0x00000000        0x0
 .data          0x00000000        0x0 /Applications/microchip/xc32/v1.44/bin/bin/../../lib/gcc/pic32mx/4.8.3/../../../../pic32mx/lib/libm.a(fp32mul.o)

.bss%z11        0x00000000        0x0
 .bss           0x00000000        0x0 /Applications/microchip/xc32/v1.44/bin/bin/../../lib/gcc/pic32mx/4.8.3/../../../../pic32mx/lib/libm.a(fp32div.o)

.data%z12       0x00000000        0x0
 .data          0x00000000        0x0 /Applications/microchip/xc32/v1.44/bin/bin/../../lib/gcc/pic32mx/4.8.3/../../../../pic32mx/lib/libm.a(fp32div.o)

.bss%z13        0x00000000        0x0
 .bss           0x00000000        0x0 /Applications/microchip/xc32/v1.44/bin/bin/../../lib/gcc/pic32mx/4.8.3/../../../../pic32mx/lib/libpic32.a(defaultinterrupt.o)

.data%z14       0x00000000        0x0
 .data          0x00000000        0x0 /Applications/microchip/xc32/v1.44/bin/bin/../../lib/gcc/pic32mx/4.8.3/../../../../pic32mx/lib/libpic32.a(defaultinterrupt.o)

.bss%z15        0x00000000        0x0
 .bss           0x00000000        0x0 /Applications/microchip/xc32/v1.44/bin/bin/../../lib/gcc/pic32mx/4.8.3/../../../../pic32mx/lib/libpic32.a(default-general-exception-handler.o)

.data%z16       0x00000000        0x0
 .data          0x00000000        0x0 /Applications/microchip/xc32/v1.44/bin/bin/../../lib/gcc/pic32mx/4.8.3/../../../../pic32mx/lib/libpic32.a(default-general-exception-handler.o)

.bss%z17        0x00000000        0x0
 .bss           0x00000000        0x0 /Applications/microchip/xc32/v1.44/bin/bin/../../lib/gcc/pic32mx/4.8.3/../../../../pic32mx/lib/libpic32.a(vector43.o)

.data%z18       0x00000000        0x0
 .data          0x00000000        0x0 /Applications/microchip/xc32/v1.44/bin/bin/../../lib/gcc/pic32mx/4.8.3/../../../../pic32mx/lib/libpic32.a(vector43.o)

.bss%z19        0x00000000        0x0
 .bss           0x00000000        0x0 /Applications/microchip/xc32/v1.44/bin/bin/../../lib/gcc/pic32mx/4.8.3/../../../../pic32mx/lib/libpic32.a(vector42.o)

.data%z20       0x00000000        0x0
 .data          0x00000000        0x0 /Applications/microchip/xc32/v1.44/bin/bin/../../lib/gcc/pic32mx/4.8.3/../../../../pic32mx/lib/libpic32.a(vector42.o)

.bss%z21        0x00000000        0x0
 .bss           0x00000000        0x0 /Applications/microchip/xc32/v1.44/bin/bin/../../lib/gcc/pic32mx/4.8.3/../../../../pic32mx/lib/libpic32.a(vector41.o)

.data%z22       0x00000000        0x0
 .data          0x00000000        0x0 /Applications/microchip/xc32/v1.44/bin/bin/../../lib/gcc/pic32mx/4.8.3/../../../../pic32mx/lib/libpic32.a(vector41.o)

.bss%z23        0x00000000        0x0
 .bss           0x00000000        0x0 /Applications/microchip/xc32/v1.44/bin/bin/../../lib/gcc/pic32mx/4.8.3/../../../../pic32mx/lib/libpic32.a(vector40.o)

.data%z24       0x00000000        0x0
 .data          0x00000000        0x0 /Applications/microchip/xc32/v1.44/bin/bin/../../lib/gcc/pic32mx/4.8.3/../../../../pic32mx/lib/libpic32.a(vector40.o)

.bss%z25        0x00000000        0x0
 .bss           0x00000000        0x0 /Applications/microchip/xc32/v1.44/bin/bin/../../lib/gcc/pic32mx/4.8.3/../../../../pic32mx/lib/libpic32.a(vector39.o)

.data%z26       0x00000000        0x0
 .data          0x00000000        0x0 /Applications/microchip/xc32/v1.44/bin/bin/../../lib/gcc/pic32mx/4.8.3/../../../../pic32mx/lib/libpic32.a(vector39.o)

.bss%z27        0x00000000        0x0
 .bss           0x00000000        0x0 /Applications/microchip/xc32/v1.44/bin/bin/../../lib/gcc/pic32mx/4.8.3/../../../../pic32mx/lib/libpic32.a(vector38.o)

.data%z28       0x00000000        0x0
 .data          0x00000000        0x0 /Applications/microchip/xc32/v1.44/bin/bin/../../lib/gcc/pic32mx/4.8.3/../../../../pic32mx/lib/libpic32.a(vector38.o)

.bss%z29        0x00000000        0x0
 .bss           0x00000000        0x0 /Applications/microchip/xc32/v1.44/bin/bin/../../lib/gcc/pic32mx/4.8.3/../../../../pic32mx/lib/libpic32.a(vector37.o)

.data%z30       0x00000000        0x0
 .data          0x00000000        0x0 /Applications/microchip/xc32/v1.44/bin/bin/../../lib/gcc/pic32mx/4.8.3/../../../../pic32mx/lib/libpic32.a(vector37.o)

.bss%z31        0x00000000        0x0
 .bss           0x00000000        0x0 /Applications/microchip/xc32/v1.44/bin/bin/../../lib/gcc/pic32mx/4.8.3/../../../../pic32mx/lib/libpic32.a(vector36.o)

.data%z32       0x00000000        0x0
 .data          0x00000000        0x0 /Applications/microchip/xc32/v1.44/bin/bin/../../lib/gcc/pic32mx/4.8.3/../../../../pic32mx/lib/libpic32.a(vector36.o)

.bss%z33        0x00000000        0x0
 .bss           0x00000000        0x0 /Applications/microchip/xc32/v1.44/bin/bin/../../lib/gcc/pic32mx/4.8.3/../../../../pic32mx/lib/libpic32.a(vector35.o)

.data%z34       0x00000000        0x0
 .data          0x00000000        0x0 /Applications/microchip/xc32/v1.44/bin/bin/../../lib/gcc/pic32mx/4.8.3/../../../../pic32mx/lib/libpic32.a(vector35.o)

.bss%z35        0x00000000        0x0
 .bss           0x00000000        0x0 /Applications/microchip/xc32/v1.44/bin/bin/../../lib/gcc/pic32mx/4.8.3/../../../../pic32mx/lib/libpic32.a(vector33.o)

.data%z36       0x00000000        0x0
 .data          0x00000000        0x0 /Applications/microchip/xc32/v1.44/bin/bin/../../lib/gcc/pic32mx/4.8.3/../../../../pic32mx/lib/libpic32.a(vector33.o)

.bss%z37        0x00000000        0x0
 .bss           0x00000000        0x0 /Applications/microchip/xc32/v1.44/bin/bin/../../lib/gcc/pic32mx/4.8.3/../../../../pic32mx/lib/libpic32.a(vector32.o)

.data%z38       0x00000000        0x0
 .data          0x00000000        0x0 /Applications/microchip/xc32/v1.44/bin/bin/../../lib/gcc/pic32mx/4.8.3/../../../../pic32mx/lib/libpic32.a(vector32.o)

.bss%z39        0x00000000        0x0
 .bss           0x00000000        0x0 /Applications/microchip/xc32/v1.44/bin/bin/../../lib/gcc/pic32mx/4.8.3/../../../../pic32mx/lib/libpic32.a(vector31.o)

.data%z40       0x00000000        0x0
 .data          0x00000000        0x0 /Applications/microchip/xc32/v1.44/bin/bin/../../lib/gcc/pic32mx/4.8.3/../../../../pic32mx/lib/libpic32.a(vector31.o)

.bss%z41        0x00000000        0x0
 .bss           0x00000000        0x0 /Applications/microchip/xc32/v1.44/bin/bin/../../lib/gcc/pic32mx/4.8.3/../../../../pic32mx/lib/libpic32.a(vector30.o)

.data%z42       0x00000000        0x0
 .data          0x00000000        0x0 /Applications/microchip/xc32/v1.44/bin/bin/../../lib/gcc/pic32mx/4.8.3/../../../../pic32mx/lib/libpic32.a(vector30.o)

.bss%z43        0x00000000        0x0
 .bss           0x00000000        0x0 /Applications/microchip/xc32/v1.44/bin/bin/../../lib/gcc/pic32mx/4.8.3/../../../../pic32mx/lib/libpic32.a(vector28.o)

.data%z44       0x00000000        0x0
 .data          0x00000000        0x0 /Applications/microchip/xc32/v1.44/bin/bin/../../lib/gcc/pic32mx/4.8.3/../../../../pic32mx/lib/libpic32.a(vector28.o)

.bss%z45        0x00000000        0x0
 .bss           0x00000000        0x0 /Applications/microchip/xc32/v1.44/bin/bin/../../lib/gcc/pic32mx/4.8.3/../../../../pic32mx/lib/libpic32.a(vector27.o)

.data%z46       0x00000000        0x0
 .data          0x00000000        0x0 /Applications/microchip/xc32/v1.44/bin/bin/../../lib/gcc/pic32mx/4.8.3/../../../../pic32mx/lib/libpic32.a(vector27.o)

.bss%z47        0x00000000        0x0
 .bss           0x00000000        0x0 /Applications/microchip/xc32/v1.44/bin/bin/../../lib/gcc/pic32mx/4.8.3/../../../../pic32mx/lib/libpic32.a(vector26.o)

.data%z48       0x00000000        0x0
 .data          0x00000000        0x0 /Applications/microchip/xc32/v1.44/bin/bin/../../lib/gcc/pic32mx/4.8.3/../../../../pic32mx/lib/libpic32.a(vector26.o)

.bss%z49        0x00000000        0x0
 .bss           0x00000000        0x0 /Applications/microchip/xc32/v1.44/bin/bin/../../lib/gcc/pic32mx/4.8.3/../../../../pic32mx/lib/libpic32.a(vector25.o)

.data%z50       0x00000000        0x0
 .data          0x00000000        0x0 /Applications/microchip/xc32/v1.44/bin/bin/../../lib/gcc/pic32mx/4.8.3/../../../../pic32mx/lib/libpic32.a(vector25.o)

.bss%z51        0x00000000        0x0
 .bss           0x00000000        0x0 /Applications/microchip/xc32/v1.44/bin/bin/../../lib/gcc/pic32mx/4.8.3/../../../../pic32mx/lib/libpic32.a(vector24.o)

.data%z52       0x00000000        0x0
 .data          0x00000000        0x0 /Applications/microchip/xc32/v1.44/bin/bin/../../lib/gcc/pic32mx/4.8.3/../../../../pic32mx/lib/libpic32.a(vector24.o)

.bss%z53        0x00000000        0x0
 .bss           0x00000000        0x0 /Applications/microchip/xc32/v1.44/bin/bin/../../lib/gcc/pic32mx/4.8.3/../../../../pic32mx/lib/libpic32.a(vector23.o)

.data%z54       0x00000000        0x0
 .data          0x00000000        0x0 /Applications/microchip/xc32/v1.44/bin/bin/../../lib/gcc/pic32mx/4.8.3/../../../../pic32mx/lib/libpic32.a(vector23.o)

.bss%z55        0x00000000        0x0
 .bss           0x00000000        0x0 /Applications/microchip/xc32/v1.44/bin/bin/../../lib/gcc/pic32mx/4.8.3/../../../../pic32mx/lib/libpic32.a(vector22.o)

.data%z56       0x00000000        0x0
 .data          0x00000000        0x0 /Applications/microchip/xc32/v1.44/bin/bin/../../lib/gcc/pic32mx/4.8.3/../../../../pic32mx/lib/libpic32.a(vector22.o)

.bss%z57        0x00000000        0x0
 .bss           0x00000000        0x0 /Applications/microchip/xc32/v1.44/bin/bin/../../lib/gcc/pic32mx/4.8.3/../../../../pic32mx/lib/libpic32.a(vector21.o)

.data%z58       0x00000000        0x0
 .data          0x00000000        0x0 /Applications/microchip/xc32/v1.44/bin/bin/../../lib/gcc/pic32mx/4.8.3/../../../../pic32mx/lib/libpic32.a(vector21.o)

.bss%z59        0x00000000        0x0
 .bss           0x00000000        0x0 /Applications/microchip/xc32/v1.44/bin/bin/../../lib/gcc/pic32mx/4.8.3/../../../../pic32mx/lib/libpic32.a(vector20.o)

.data%z60       0x00000000        0x0
 .data          0x00000000        0x0 /Applications/microchip/xc32/v1.44/bin/bin/../../lib/gcc/pic32mx/4.8.3/../../../../pic32mx/lib/libpic32.a(vector20.o)

.bss%z61        0x00000000        0x0
 .bss           0x00000000        0x0 /Applications/microchip/xc32/v1.44/bin/bin/../../lib/gcc/pic32mx/4.8.3/../../../../pic32mx/lib/libpic32.a(vector19.o)

.data%z62       0x00000000        0x0
 .data          0x00000000        0x0 /Applications/microchip/xc32/v1.44/bin/bin/../../lib/gcc/pic32mx/4.8.3/../../../../pic32mx/lib/libpic32.a(vector19.o)

.bss%z63        0x00000000        0x0
 .bss           0x00000000        0x0 /Applications/microchip/xc32/v1.44/bin/bin/../../lib/gcc/pic32mx/4.8.3/../../../../pic32mx/lib/libpic32.a(vector18.o)

.data%z64       0x00000000        0x0
 .data          0x00000000        0x0 /Applications/microchip/xc32/v1.44/bin/bin/../../lib/gcc/pic32mx/4.8.3/../../../../pic32mx/lib/libpic32.a(vector18.o)

.bss%z65        0x00000000        0x0
 .bss           0x00000000        0x0 /Applications/microchip/xc32/v1.44/bin/bin/../../lib/gcc/pic32mx/4.8.3/../../../../pic32mx/lib/libpic32.a(vector17.o)

.data%z66       0x00000000        0x0
 .data          0x00000000        0x0 /Applications/microchip/xc32/v1.44/bin/bin/../../lib/gcc/pic32mx/4.8.3/../../../../pic32mx/lib/libpic32.a(vector17.o)

.bss%z67        0x00000000        0x0
 .bss           0x00000000        0x0 /Applications/microchip/xc32/v1.44/bin/bin/../../lib/gcc/pic32mx/4.8.3/../../../../pic32mx/lib/libpic32.a(vector16.o)

.data%z68       0x00000000        0x0
 .data          0x00000000        0x0 /Applications/microchip/xc32/v1.44/bin/bin/../../lib/gcc/pic32mx/4.8.3/../../../../pic32mx/lib/libpic32.a(vector16.o)

.bss%z69        0x00000000        0x0
 .bss           0x00000000        0x0 /Applications/microchip/xc32/v1.44/bin/bin/../../lib/gcc/pic32mx/4.8.3/../../../../pic32mx/lib/libpic32.a(vector15.o)

.data%z70       0x00000000        0x0
 .data          0x00000000        0x0 /Applications/microchip/xc32/v1.44/bin/bin/../../lib/gcc/pic32mx/4.8.3/../../../../pic32mx/lib/libpic32.a(vector15.o)

.bss%z71        0x00000000        0x0
 .bss           0x00000000        0x0 /Applications/microchip/xc32/v1.44/bin/bin/../../lib/gcc/pic32mx/4.8.3/../../../../pic32mx/lib/libpic32.a(vector14.o)

.data%z72       0x00000000        0x0
 .data          0x00000000        0x0 /Applications/microchip/xc32/v1.44/bin/bin/../../lib/gcc/pic32mx/4.8.3/../../../../pic32mx/lib/libpic32.a(vector14.o)

.bss%z73        0x00000000        0x0
 .bss           0x00000000        0x0 /Applications/microchip/xc32/v1.44/bin/bin/../../lib/gcc/pic32mx/4.8.3/../../../../pic32mx/lib/libpic32.a(vector13.o)

.data%z74       0x00000000        0x0
 .data          0x00000000        0x0 /Applications/microchip/xc32/v1.44/bin/bin/../../lib/gcc/pic32mx/4.8.3/../../../../pic32mx/lib/libpic32.a(vector13.o)

.bss%z75        0x00000000        0x0
 .bss           0x00000000        0x0 /Applications/microchip/xc32/v1.44/bin/bin/../../lib/gcc/pic32mx/4.8.3/../../../../pic32mx/lib/libpic32.a(vector12.o)

.data%z76       0x00000000        0x0
 .data          0x00000000        0x0 /Applications/microchip/xc32/v1.44/bin/bin/../../lib/gcc/pic32mx/4.8.3/../../../../pic32mx/lib/libpic32.a(vector12.o)

.bss%z77        0x00000000        0x0
 .bss           0x00000000        0x0 /Applications/microchip/xc32/v1.44/bin/bin/../../lib/gcc/pic32mx/4.8.3/../../../../pic32mx/lib/libpic32.a(vector11.o)

.data%z78       0x00000000        0x0
 .data          0x00000000        0x0 /Applications/microchip/xc32/v1.44/bin/bin/../../lib/gcc/pic32mx/4.8.3/../../../../pic32mx/lib/libpic32.a(vector11.o)

.bss%z79        0x00000000        0x0
 .bss           0x00000000        0x0 /Applications/microchip/xc32/v1.44/bin/bin/../../lib/gcc/pic32mx/4.8.3/../../../../pic32mx/lib/libpic32.a(vector10.o)

.data%z80       0x00000000        0x0
 .data          0x00000000        0x0 /Applications/microchip/xc32/v1.44/bin/bin/../../lib/gcc/pic32mx/4.8.3/../../../../pic32mx/lib/libpic32.a(vector10.o)

.bss%z81        0x00000000        0x0
 .bss           0x00000000        0x0 /Applications/microchip/xc32/v1.44/bin/bin/../../lib/gcc/pic32mx/4.8.3/../../../../pic32mx/lib/libpic32.a(vector9.o)

.data%z82       0x00000000        0x0
 .data          0x00000000        0x0 /Applications/microchip/xc32/v1.44/bin/bin/../../lib/gcc/pic32mx/4.8.3/../../../../pic32mx/lib/libpic32.a(vector9.o)

.bss%z83        0x00000000        0x0
 .bss           0x00000000        0x0 /Applications/microchip/xc32/v1.44/bin/bin/../../lib/gcc/pic32mx/4.8.3/../../../../pic32mx/lib/libpic32.a(vector8.o)

.data%z84       0x00000000        0x0
 .data          0x00000000        0x0 /Applications/microchip/xc32/v1.44/bin/bin/../../lib/gcc/pic32mx/4.8.3/../../../../pic32mx/lib/libpic32.a(vector8.o)

.bss%z85        0x00000000        0x0
 .bss           0x00000000        0x0 /Applications/microchip/xc32/v1.44/bin/bin/../../lib/gcc/pic32mx/4.8.3/../../../../pic32mx/lib/libpic32.a(vector7.o)

.data%z86       0x00000000        0x0